2026-01-07 11:17:13 | INFO     | q_learning | ================================================================================
2026-01-07 11:17:13 | INFO     | q_learning | Training Configuration
2026-01-07 11:17:13 | INFO     | q_learning | ================================================================================
2026-01-07 11:17:13 | INFO     | q_learning | Runs: 50
2026-01-07 11:17:13 | INFO     | q_learning | Episodes per run: 300
2026-01-07 11:17:13 | INFO     | q_learning | Learning rate: 0.001
2026-01-07 11:17:13 | INFO     | q_learning | Gamma (discount): 0.99
2026-01-07 11:17:13 | INFO     | q_learning | Epsilon (exploration): 0.1
2026-01-07 11:17:13 | INFO     | q_learning | Render mode: DISABLED
2026-01-07 11:17:13 | INFO     | q_learning | Verbose logging: DISABLED
2026-01-07 11:17:13 | INFO     | q_learning | WandB Project: dqn_cartpole
2026-01-07 11:17:13 | INFO     | q_learning | WandB Group: CartPole-v1_DQN_20260107_111713
2026-01-07 11:17:13 | INFO     | q_learning | Log file: ./output/training_20260107_111713.log
2026-01-07 11:17:13 | INFO     | q_learning | ================================================================================
2026-01-07 11:17:13 | INFO     | q_learning | 
================================================================================
2026-01-07 11:17:13 | INFO     | q_learning | Starting Run 1/50
2026-01-07 11:17:13 | INFO     | q_learning | ================================================================================
2026-01-07 11:17:14 | INFO     | q_learning | Environment created: <TimeLimit<OrderEnforcing<PassiveEnvChecker<CartPoleEnv<CartPole-v1>>>>>
2026-01-07 11:17:14 | INFO     | q_learning | Observation space: shape=(4,), dtype=float32
2026-01-07 11:17:14 | INFO     | q_learning | Action space: n=2, type=<class 'gymnasium.spaces.discrete.Discrete'>
2026-01-07 11:17:14 | INFO     | q_learning | Device: cuda
2026-01-07 11:17:14 | INFO     | q_learning | Q-Network initialized: obs_dim=4, act_dim=2
2026-01-07 11:17:14 | INFO     | q_learning | Training config: lr=0.001, gamma=0.99, epsilon=0.1
2026-01-07 11:17:14 | INFO     | q_learning | Run 1 | Episode    0 | Reward:   9.00 | Steps:    9 | Avg(10):   9.00 | Loss: 0.987748
2026-01-07 11:17:14 | INFO     | q_learning | Run 1 | Episode    1 | Reward:   9.00 | Steps:    9 | Avg(10):   9.00 | Loss: 0.993686
2026-01-07 11:17:14 | INFO     | q_learning | Run 1 | Episode    2 | Reward:   9.00 | Steps:    9 | Avg(10):   9.00 | Loss: 1.065315
2026-01-07 11:17:14 | INFO     | q_learning | Run 1 | Episode    3 | Reward:  10.00 | Steps:   10 | Avg(10):   9.25 | Loss: 1.233647
2026-01-07 11:17:14 | INFO     | q_learning | Run 1 | Episode    4 | Reward:  15.00 | Steps:   15 | Avg(10):  10.40 | Loss: 1.511535
2026-01-07 11:17:14 | INFO     | q_learning | Run 1 | Episode    5 | Reward:  10.00 | Steps:   10 | Avg(10):  10.33 | Loss: 1.819731
2026-01-07 11:17:14 | INFO     | q_learning | Run 1 | Episode    6 | Reward:  10.00 | Steps:   10 | Avg(10):  10.29 | Loss: 1.795946
2026-01-07 11:17:14 | INFO     | q_learning | Run 1 | Episode    7 | Reward:  11.00 | Steps:   11 | Avg(10):  10.38 | Loss: 2.485382
2026-01-07 11:17:14 | INFO     | q_learning | Run 1 | Episode    8 | Reward:  10.00 | Steps:   10 | Avg(10):  10.33 | Loss: 2.704886
2026-01-07 11:17:14 | INFO     | q_learning | Run 1 | Episode    9 | Reward:   9.00 | Steps:    9 | Avg(10):  10.20 | Loss: 2.751444
2026-01-07 11:17:14 | INFO     | q_learning | Run 1 | Episode   10 | Reward:  12.00 | Steps:   12 | Avg(10):  10.50 | Loss: 2.925476
2026-01-07 11:17:14 | INFO     | q_learning | Run 1 | Episode   11 | Reward:   9.00 | Steps:    9 | Avg(10):  10.50 | Loss: 3.402104
2026-01-07 11:17:14 | INFO     | q_learning | Run 1 | Episode   12 | Reward:  10.00 | Steps:   10 | Avg(10):  10.60 | Loss: 3.635714
2026-01-07 11:17:14 | INFO     | q_learning | Run 1 | Episode   13 | Reward:  13.00 | Steps:   13 | Avg(10):  10.90 | Loss: 3.251072
2026-01-07 11:17:14 | INFO     | q_learning | Run 1 | Episode   14 | Reward:  13.00 | Steps:   13 | Avg(10):  10.70 | Loss: 3.555412
2026-01-07 11:17:15 | INFO     | q_learning | Run 1 | Episode   15 | Reward:  12.00 | Steps:   12 | Avg(10):  10.90 | Loss: 4.107842
2026-01-07 11:17:15 | INFO     | q_learning | Run 1 | Episode   16 | Reward:  11.00 | Steps:   11 | Avg(10):  11.00 | Loss: 4.240267
2026-01-07 11:17:15 | INFO     | q_learning | Run 1 | Episode   17 | Reward:   9.00 | Steps:    9 | Avg(10):  10.80 | Loss: 4.950034
2026-01-07 11:17:15 | INFO     | q_learning | Run 1 | Episode   18 | Reward:   9.00 | Steps:    9 | Avg(10):  10.70 | Loss: 3.822050
2026-01-07 11:17:15 | INFO     | q_learning | Run 1 | Episode   19 | Reward:  11.00 | Steps:   11 | Avg(10):  10.90 | Loss: 4.443763
2026-01-07 11:17:15 | INFO     | q_learning | Run 1 | Episode   20 | Reward:  10.00 | Steps:   10 | Avg(10):  10.70 | Loss: 5.155894
2026-01-07 11:17:15 | INFO     | q_learning | Run 1 | Episode   21 | Reward:  10.00 | Steps:   10 | Avg(10):  10.80 | Loss: 5.856336
2026-01-07 11:17:15 | INFO     | q_learning | Run 1 | Episode   22 | Reward:  10.00 | Steps:   10 | Avg(10):  10.80 | Loss: 5.280998
2026-01-07 11:17:15 | INFO     | q_learning | Run 1 | Episode   23 | Reward:  14.00 | Steps:   14 | Avg(10):  10.90 | Loss: 5.254139
2026-01-07 11:17:15 | INFO     | q_learning | Run 1 | Episode   24 | Reward:  12.00 | Steps:   12 | Avg(10):  10.80 | Loss: 5.635206
2026-01-07 11:17:15 | INFO     | q_learning | Run 1 | Episode   25 | Reward:  10.00 | Steps:   10 | Avg(10):  10.60 | Loss: 6.249188
2026-01-07 11:17:15 | INFO     | q_learning | Run 1 | Episode   26 | Reward:   9.00 | Steps:    9 | Avg(10):  10.40 | Loss: 6.245500
2026-01-07 11:17:15 | INFO     | q_learning | Run 1 | Episode   27 | Reward:  10.00 | Steps:   10 | Avg(10):  10.50 | Loss: 5.832964
2026-01-07 11:17:15 | INFO     | q_learning | Run 1 | Episode   28 | Reward:  11.00 | Steps:   11 | Avg(10):  10.70 | Loss: 5.628059
2026-01-07 11:17:15 | INFO     | q_learning | Run 1 | Episode   29 | Reward:   9.00 | Steps:    9 | Avg(10):  10.50 | Loss: 5.773768
2026-01-07 11:17:15 | INFO     | q_learning | Run 1 | Episode   30 | Reward:  12.00 | Steps:   12 | Avg(10):  10.70 | Loss: 5.206981
2026-01-07 11:17:15 | INFO     | q_learning | Run 1 | Episode   31 | Reward:  10.00 | Steps:   10 | Avg(10):  10.70 | Loss: 3.719906
2026-01-07 11:17:15 | INFO     | q_learning | Run 1 | Episode   32 | Reward:  10.00 | Steps:   10 | Avg(10):  10.70 | Loss: 5.255013
2026-01-07 11:17:15 | INFO     | q_learning | Run 1 | Episode   33 | Reward:   9.00 | Steps:    9 | Avg(10):  10.20 | Loss: 5.507260
2026-01-07 11:17:15 | INFO     | q_learning | Run 1 | Episode   34 | Reward:   9.00 | Steps:    9 | Avg(10):   9.90 | Loss: 5.266156
2026-01-07 11:17:15 | INFO     | q_learning | Run 1 | Episode   35 | Reward:  10.00 | Steps:   10 | Avg(10):   9.90 | Loss: 4.474377
2026-01-07 11:17:15 | INFO     | q_learning | Run 1 | Episode   36 | Reward:  10.00 | Steps:   10 | Avg(10):  10.00 | Loss: 4.247743
2026-01-07 11:17:15 | INFO     | q_learning | Run 1 | Episode   37 | Reward:   9.00 | Steps:    9 | Avg(10):   9.90 | Loss: 4.456585
2026-01-07 11:17:15 | INFO     | q_learning | Run 1 | Episode   38 | Reward:  10.00 | Steps:   10 | Avg(10):   9.80 | Loss: 3.675414
2026-01-07 11:17:15 | INFO     | q_learning | Run 1 | Episode   39 | Reward:  13.00 | Steps:   13 | Avg(10):  10.20 | Loss: 5.147977
2026-01-07 11:17:15 | INFO     | q_learning | Run 1 | Episode   40 | Reward:   9.00 | Steps:    9 | Avg(10):   9.90 | Loss: 3.812514
2026-01-07 11:17:15 | INFO     | q_learning | Run 1 | Episode   41 | Reward:  11.00 | Steps:   11 | Avg(10):  10.00 | Loss: 4.215384
2026-01-07 11:17:15 | INFO     | q_learning | Run 1 | Episode   42 | Reward:  11.00 | Steps:   11 | Avg(10):  10.10 | Loss: 2.820394
2026-01-07 11:17:15 | INFO     | q_learning | Run 1 | Episode   43 | Reward:  11.00 | Steps:   11 | Avg(10):  10.30 | Loss: 4.159281
2026-01-07 11:17:15 | INFO     | q_learning | Run 1 | Episode   44 | Reward:   9.00 | Steps:    9 | Avg(10):  10.30 | Loss: 3.340890
2026-01-07 11:17:15 | INFO     | q_learning | Run 1 | Episode   45 | Reward:  11.00 | Steps:   11 | Avg(10):  10.40 | Loss: 2.311363
2026-01-07 11:17:15 | INFO     | q_learning | Run 1 | Episode   46 | Reward:   9.00 | Steps:    9 | Avg(10):  10.30 | Loss: 2.871661
2026-01-07 11:17:15 | INFO     | q_learning | Run 1 | Episode   47 | Reward:   9.00 | Steps:    9 | Avg(10):  10.30 | Loss: 2.590526
2026-01-07 11:17:15 | INFO     | q_learning | Run 1 | Episode   48 | Reward:  10.00 | Steps:   10 | Avg(10):  10.30 | Loss: 1.885293
2026-01-07 11:17:15 | INFO     | q_learning | Run 1 | Episode   49 | Reward:  16.00 | Steps:   16 | Avg(10):  10.60 | Loss: 4.290633
2026-01-07 11:17:15 | INFO     | q_learning | Run 1 | Episode   50 | Reward:  10.00 | Steps:   10 | Avg(10):  10.70 | Loss: 1.698215
2026-01-07 11:17:15 | INFO     | q_learning | Run 1 | Episode   51 | Reward:   8.00 | Steps:    8 | Avg(10):  10.40 | Loss: 3.043104
2026-01-07 11:17:15 | INFO     | q_learning | Run 1 | Episode   52 | Reward:   8.00 | Steps:    8 | Avg(10):  10.10 | Loss: 2.695204
2026-01-07 11:17:15 | INFO     | q_learning | Run 1 | Episode   53 | Reward:  11.00 | Steps:   11 | Avg(10):  10.10 | Loss: 3.087658
2026-01-07 11:17:15 | INFO     | q_learning | Run 1 | Episode   54 | Reward:  10.00 | Steps:   10 | Avg(10):  10.20 | Loss: 2.260965
2026-01-07 11:17:15 | INFO     | q_learning | Run 1 | Episode   55 | Reward:   9.00 | Steps:    9 | Avg(10):  10.00 | Loss: 1.152181
2026-01-07 11:17:15 | INFO     | q_learning | Run 1 | Episode   56 | Reward:  11.00 | Steps:   11 | Avg(10):  10.20 | Loss: 1.569174
2026-01-07 11:17:15 | INFO     | q_learning | Run 1 | Episode   57 | Reward:   9.00 | Steps:    9 | Avg(10):  10.20 | Loss: 1.014502
2026-01-07 11:17:15 | INFO     | q_learning | Run 1 | Episode   58 | Reward:   9.00 | Steps:    9 | Avg(10):  10.10 | Loss: 0.885145
2026-01-07 11:17:15 | INFO     | q_learning | Run 1 | Episode   59 | Reward:   9.00 | Steps:    9 | Avg(10):   9.40 | Loss: 0.774930
2026-01-07 11:17:15 | INFO     | q_learning | Run 1 | Episode   60 | Reward:   9.00 | Steps:    9 | Avg(10):   9.30 | Loss: 0.775718
2026-01-07 11:17:15 | INFO     | q_learning | Run 1 | Episode   61 | Reward:   9.00 | Steps:    9 | Avg(10):   9.40 | Loss: 0.626753
2026-01-07 11:17:15 | INFO     | q_learning | Run 1 | Episode   62 | Reward:  10.00 | Steps:   10 | Avg(10):   9.60 | Loss: 1.523764
2026-01-07 11:17:15 | INFO     | q_learning | Run 1 | Episode   63 | Reward:  10.00 | Steps:   10 | Avg(10):   9.50 | Loss: 0.403359
2026-01-07 11:17:15 | INFO     | q_learning | Run 1 | Episode   64 | Reward:  10.00 | Steps:   10 | Avg(10):   9.50 | Loss: 2.666590
2026-01-07 11:17:15 | INFO     | q_learning | Run 1 | Episode   65 | Reward:   9.00 | Steps:    9 | Avg(10):   9.50 | Loss: 0.452520
2026-01-07 11:17:15 | INFO     | q_learning | Run 1 | Episode   66 | Reward:  10.00 | Steps:   10 | Avg(10):   9.40 | Loss: 0.709353
2026-01-07 11:17:15 | INFO     | q_learning | Run 1 | Episode   67 | Reward:  10.00 | Steps:   10 | Avg(10):   9.50 | Loss: 1.045345
2026-01-07 11:17:15 | INFO     | q_learning | Run 1 | Episode   68 | Reward:   8.00 | Steps:    8 | Avg(10):   9.40 | Loss: 0.655136
2026-01-07 11:17:15 | INFO     | q_learning | Run 1 | Episode   69 | Reward:  11.00 | Steps:   11 | Avg(10):   9.60 | Loss: 1.131353
2026-01-07 11:17:15 | INFO     | q_learning | Run 1 | Episode   70 | Reward:   9.00 | Steps:    9 | Avg(10):   9.60 | Loss: 0.907108
2026-01-07 11:17:15 | INFO     | q_learning | Run 1 | Episode   71 | Reward:  11.00 | Steps:   11 | Avg(10):   9.80 | Loss: 2.017328
2026-01-07 11:17:15 | INFO     | q_learning | Run 1 | Episode   72 | Reward:   9.00 | Steps:    9 | Avg(10):   9.70 | Loss: 1.011666
2026-01-07 11:17:15 | INFO     | q_learning | Run 1 | Episode   73 | Reward:  10.00 | Steps:   10 | Avg(10):   9.70 | Loss: 1.687159
2026-01-07 11:17:15 | INFO     | q_learning | Run 1 | Episode   74 | Reward:   9.00 | Steps:    9 | Avg(10):   9.60 | Loss: 0.941600
2026-01-07 11:17:15 | INFO     | q_learning | Run 1 | Episode   75 | Reward:   9.00 | Steps:    9 | Avg(10):   9.60 | Loss: 0.968998
2026-01-07 11:17:15 | INFO     | q_learning | Run 1 | Episode   76 | Reward:  12.00 | Steps:   12 | Avg(10):   9.80 | Loss: 1.507579
2026-01-07 11:17:15 | INFO     | q_learning | Run 1 | Episode   77 | Reward:  11.00 | Steps:   11 | Avg(10):   9.90 | Loss: 2.143192
2026-01-07 11:17:15 | INFO     | q_learning | Run 1 | Episode   78 | Reward:  13.00 | Steps:   13 | Avg(10):  10.40 | Loss: 2.198427
2026-01-07 11:17:15 | INFO     | q_learning | Run 1 | Episode   79 | Reward:  10.00 | Steps:   10 | Avg(10):  10.30 | Loss: 3.074223
2026-01-07 11:17:15 | INFO     | q_learning | Run 1 | Episode   80 | Reward:  15.00 | Steps:   15 | Avg(10):  10.90 | Loss: 2.461030
2026-01-07 11:17:15 | INFO     | q_learning | Run 1 | Episode   81 | Reward:  14.00 | Steps:   14 | Avg(10):  11.20 | Loss: 2.549586
2026-01-07 11:17:15 | INFO     | q_learning | Run 1 | Episode   82 | Reward:  13.00 | Steps:   13 | Avg(10):  11.60 | Loss: 3.773628
2026-01-07 11:17:15 | INFO     | q_learning | Run 1 | Episode   83 | Reward:  22.00 | Steps:   22 | Avg(10):  12.80 | Loss: 3.166008
2026-01-07 11:17:15 | INFO     | q_learning | Run 1 | Episode   84 | Reward:  19.00 | Steps:   19 | Avg(10):  13.80 | Loss: 4.137151
2026-01-07 11:17:15 | INFO     | q_learning | Run 1 | Episode   85 | Reward:  24.00 | Steps:   24 | Avg(10):  15.30 | Loss: 3.233229
2026-01-07 11:17:15 | INFO     | q_learning | Run 1 | Episode   86 | Reward:  18.00 | Steps:   18 | Avg(10):  15.90 | Loss: 5.646612
2026-01-07 11:17:15 | INFO     | q_learning | Run 1 | Episode   87 | Reward:  47.00 | Steps:   47 | Avg(10):  19.50 | Loss: 13.454795
2026-01-07 11:17:15 | INFO     | q_learning | Run 1 | Episode   88 | Reward:  10.00 | Steps:   10 | Avg(10):  19.20 | Loss: 47.407279
2026-01-07 11:17:15 | INFO     | q_learning | Run 1 | Episode   89 | Reward:  10.00 | Steps:   10 | Avg(10):  19.20 | Loss: 42.331184
2026-01-07 11:17:15 | INFO     | q_learning | Run 1 | Episode   90 | Reward:  10.00 | Steps:   10 | Avg(10):  18.70 | Loss: 37.736857
2026-01-07 11:17:15 | INFO     | q_learning | Run 1 | Episode   91 | Reward:  12.00 | Steps:   12 | Avg(10):  18.50 | Loss: 27.550360
2026-01-07 11:17:15 | INFO     | q_learning | Run 1 | Episode   92 | Reward:   9.00 | Steps:    9 | Avg(10):  18.10 | Loss: 29.945816
2026-01-07 11:17:15 | INFO     | q_learning | Run 1 | Episode   93 | Reward:  10.00 | Steps:   10 | Avg(10):  16.90 | Loss: 26.648108
2026-01-07 11:17:15 | INFO     | q_learning | Run 1 | Episode   94 | Reward:  11.00 | Steps:   11 | Avg(10):  16.10 | Loss: 21.624358
2026-01-07 11:17:15 | INFO     | q_learning | Run 1 | Episode   95 | Reward:   9.00 | Steps:    9 | Avg(10):  14.60 | Loss: 23.533002
2026-01-07 11:17:15 | INFO     | q_learning | Run 1 | Episode   96 | Reward:  10.00 | Steps:   10 | Avg(10):  13.80 | Loss: 20.052383
2026-01-07 11:17:15 | INFO     | q_learning | Run 1 | Episode   97 | Reward:  10.00 | Steps:   10 | Avg(10):  10.10 | Loss: 18.589157
2026-01-07 11:17:15 | INFO     | q_learning | Run 1 | Episode   98 | Reward:  11.00 | Steps:   11 | Avg(10):  10.20 | Loss: 14.724865
2026-01-07 11:17:15 | INFO     | q_learning | Run 1 | Episode   99 | Reward:   9.00 | Steps:    9 | Avg(10):  10.10 | Loss: 16.698020
2026-01-07 11:17:15 | INFO     | q_learning | Run 1 | Episode  100 | Reward:   9.00 | Steps:    9 | Avg(10):  10.00 | Loss: 15.791238
2026-01-07 11:17:16 | INFO     | q_learning | Run 1 | Episode  101 | Reward:  13.00 | Steps:   13 | Avg(10):  10.10 | Loss: 11.071436
2026-01-07 11:17:16 | INFO     | q_learning | Run 1 | Episode  102 | Reward:   9.00 | Steps:    9 | Avg(10):  10.10 | Loss: 12.866233
2026-01-07 11:17:16 | INFO     | q_learning | Run 1 | Episode  103 | Reward:  10.00 | Steps:   10 | Avg(10):  10.10 | Loss: 11.465222
2026-01-07 11:17:16 | INFO     | q_learning | Run 1 | Episode  104 | Reward:  11.00 | Steps:   11 | Avg(10):  10.10 | Loss: 10.096916
2026-01-07 11:17:16 | INFO     | q_learning | Run 1 | Episode  105 | Reward:  10.00 | Steps:   10 | Avg(10):  10.20 | Loss: 9.704357
2026-01-07 11:17:16 | INFO     | q_learning | Run 1 | Episode  106 | Reward:   9.00 | Steps:    9 | Avg(10):  10.10 | Loss: 11.442155
2026-01-07 11:17:16 | INFO     | q_learning | Run 1 | Episode  107 | Reward:  10.00 | Steps:   10 | Avg(10):  10.10 | Loss: 8.152513
2026-01-07 11:17:16 | INFO     | q_learning | Run 1 | Episode  108 | Reward:  10.00 | Steps:   10 | Avg(10):  10.00 | Loss: 7.412622
2026-01-07 11:17:16 | INFO     | q_learning | Run 1 | Episode  109 | Reward:  10.00 | Steps:   10 | Avg(10):  10.10 | Loss: 6.561998
2026-01-07 11:17:16 | INFO     | q_learning | Run 1 | Episode  110 | Reward:  10.00 | Steps:   10 | Avg(10):  10.20 | Loss: 7.673168
2026-01-07 11:17:16 | INFO     | q_learning | Run 1 | Episode  111 | Reward:   9.00 | Steps:    9 | Avg(10):   9.80 | Loss: 6.790841
2026-01-07 11:17:16 | INFO     | q_learning | Run 1 | Episode  112 | Reward:   9.00 | Steps:    9 | Avg(10):   9.80 | Loss: 6.059879
2026-01-07 11:17:16 | INFO     | q_learning | Run 1 | Episode  113 | Reward:   9.00 | Steps:    9 | Avg(10):   9.70 | Loss: 7.707795
2026-01-07 11:17:16 | INFO     | q_learning | Run 1 | Episode  114 | Reward:   9.00 | Steps:    9 | Avg(10):   9.50 | Loss: 5.076296
2026-01-07 11:17:16 | INFO     | q_learning | Run 1 | Episode  115 | Reward:  11.00 | Steps:   11 | Avg(10):   9.60 | Loss: 5.693119
2026-01-07 11:17:16 | INFO     | q_learning | Run 1 | Episode  116 | Reward:  11.00 | Steps:   11 | Avg(10):   9.80 | Loss: 3.828804
2026-01-07 11:17:16 | INFO     | q_learning | Run 1 | Episode  117 | Reward:   9.00 | Steps:    9 | Avg(10):   9.70 | Loss: 4.046863
2026-01-07 11:17:16 | INFO     | q_learning | Run 1 | Episode  118 | Reward:  10.00 | Steps:   10 | Avg(10):   9.70 | Loss: 4.319473
2026-01-07 11:17:16 | INFO     | q_learning | Run 1 | Episode  119 | Reward:  10.00 | Steps:   10 | Avg(10):   9.70 | Loss: 2.654030
2026-01-07 11:17:16 | INFO     | q_learning | Run 1 | Episode  120 | Reward:  11.00 | Steps:   11 | Avg(10):   9.80 | Loss: 3.461772
2026-01-07 11:17:16 | INFO     | q_learning | Run 1 | Episode  121 | Reward:   8.00 | Steps:    8 | Avg(10):   9.70 | Loss: 3.833619
2026-01-07 11:17:16 | INFO     | q_learning | Run 1 | Episode  122 | Reward:  10.00 | Steps:   10 | Avg(10):   9.80 | Loss: 1.934642
2026-01-07 11:17:16 | INFO     | q_learning | Run 1 | Episode  123 | Reward:  14.00 | Steps:   14 | Avg(10):  10.30 | Loss: 2.730265
2026-01-07 11:17:16 | INFO     | q_learning | Run 1 | Episode  124 | Reward:  11.00 | Steps:   11 | Avg(10):  10.50 | Loss: 3.719277
2026-01-07 11:17:16 | INFO     | q_learning | Run 1 | Episode  125 | Reward:  11.00 | Steps:   11 | Avg(10):  10.50 | Loss: 2.518499
2026-01-07 11:17:16 | INFO     | q_learning | Run 1 | Episode  126 | Reward:   9.00 | Steps:    9 | Avg(10):  10.30 | Loss: 1.853406
2026-01-07 11:17:16 | INFO     | q_learning | Run 1 | Episode  127 | Reward:  12.00 | Steps:   12 | Avg(10):  10.60 | Loss: 1.880719
2026-01-07 11:17:16 | INFO     | q_learning | Run 1 | Episode  128 | Reward:   9.00 | Steps:    9 | Avg(10):  10.50 | Loss: 1.536550
2026-01-07 11:17:16 | INFO     | q_learning | Run 1 | Episode  129 | Reward:  10.00 | Steps:   10 | Avg(10):  10.50 | Loss: 0.971128
2026-01-07 11:17:16 | INFO     | q_learning | Run 1 | Episode  130 | Reward:   9.00 | Steps:    9 | Avg(10):  10.30 | Loss: 1.317808
2026-01-07 11:17:16 | INFO     | q_learning | Run 1 | Episode  131 | Reward:   9.00 | Steps:    9 | Avg(10):  10.40 | Loss: 1.095546
2026-01-07 11:17:16 | INFO     | q_learning | Run 1 | Episode  132 | Reward:  10.00 | Steps:   10 | Avg(10):  10.40 | Loss: 0.525119
2026-01-07 11:17:16 | INFO     | q_learning | Run 1 | Episode  133 | Reward:  11.00 | Steps:   11 | Avg(10):  10.10 | Loss: 1.094989
2026-01-07 11:17:16 | INFO     | q_learning | Run 1 | Episode  134 | Reward:  12.00 | Steps:   12 | Avg(10):  10.20 | Loss: 2.233791
2026-01-07 11:17:16 | INFO     | q_learning | Run 1 | Episode  135 | Reward:  10.00 | Steps:   10 | Avg(10):  10.10 | Loss: 1.292274
2026-01-07 11:17:16 | INFO     | q_learning | Run 1 | Episode  136 | Reward:  10.00 | Steps:   10 | Avg(10):  10.20 | Loss: 1.178893
2026-01-07 11:17:16 | INFO     | q_learning | Run 1 | Episode  137 | Reward:  11.00 | Steps:   11 | Avg(10):  10.10 | Loss: 2.376586
2026-01-07 11:17:16 | INFO     | q_learning | Run 1 | Episode  138 | Reward:   9.00 | Steps:    9 | Avg(10):  10.10 | Loss: 1.588450
2026-01-07 11:17:16 | INFO     | q_learning | Run 1 | Episode  139 | Reward:  10.00 | Steps:   10 | Avg(10):  10.10 | Loss: 1.344647
2026-01-07 11:17:16 | INFO     | q_learning | Run 1 | Episode  140 | Reward:  10.00 | Steps:   10 | Avg(10):  10.20 | Loss: 0.934095
2026-01-07 11:17:16 | INFO     | q_learning | Run 1 | Episode  141 | Reward:  10.00 | Steps:   10 | Avg(10):  10.30 | Loss: 3.098077
2026-01-07 11:17:16 | INFO     | q_learning | Run 1 | Episode  142 | Reward:   9.00 | Steps:    9 | Avg(10):  10.20 | Loss: 1.507142
2026-01-07 11:17:16 | INFO     | q_learning | Run 1 | Episode  143 | Reward:  10.00 | Steps:   10 | Avg(10):  10.10 | Loss: 2.157221
2026-01-07 11:17:16 | INFO     | q_learning | Run 1 | Episode  144 | Reward:  11.00 | Steps:   11 | Avg(10):  10.00 | Loss: 1.451189
2026-01-07 11:17:16 | INFO     | q_learning | Run 1 | Episode  145 | Reward:   9.00 | Steps:    9 | Avg(10):   9.90 | Loss: 3.206068
2026-01-07 11:17:16 | INFO     | q_learning | Run 1 | Episode  146 | Reward:  13.00 | Steps:   13 | Avg(10):  10.20 | Loss: 3.242364
2026-01-07 11:17:16 | INFO     | q_learning | Run 1 | Episode  147 | Reward:  10.00 | Steps:   10 | Avg(10):  10.10 | Loss: 4.370839
2026-01-07 11:17:16 | INFO     | q_learning | Run 1 | Episode  148 | Reward:  15.00 | Steps:   15 | Avg(10):  10.70 | Loss: 4.521111
2026-01-07 11:17:16 | INFO     | q_learning | Run 1 | Episode  149 | Reward:  25.00 | Steps:   25 | Avg(10):  12.20 | Loss: 4.644152
2026-01-07 11:17:16 | INFO     | q_learning | Run 1 | Episode  150 | Reward:  62.00 | Steps:   62 | Avg(10):  17.40 | Loss: 4.054332
2026-01-07 11:17:16 | INFO     | q_learning | Run 1 | Episode  151 | Reward:  16.00 | Steps:   16 | Avg(10):  18.00 | Loss: 11.394949
2026-01-07 11:17:16 | INFO     | q_learning | Run 1 | Episode  152 | Reward:  17.00 | Steps:   17 | Avg(10):  18.80 | Loss: 12.213262
2026-01-07 11:17:16 | INFO     | q_learning | Run 1 | Episode  153 | Reward:  15.00 | Steps:   15 | Avg(10):  19.30 | Loss: 12.667771
2026-01-07 11:17:16 | INFO     | q_learning | Run 1 | Episode  154 | Reward:  12.00 | Steps:   12 | Avg(10):  19.40 | Loss: 16.597591
2026-01-07 11:17:16 | INFO     | q_learning | Run 1 | Episode  155 | Reward:  10.00 | Steps:   10 | Avg(10):  19.50 | Loss: 20.699050
2026-01-07 11:17:16 | INFO     | q_learning | Run 1 | Episode  156 | Reward:   9.00 | Steps:    9 | Avg(10):  19.10 | Loss: 22.488426
2026-01-07 11:17:16 | INFO     | q_learning | Run 1 | Episode  157 | Reward:  10.00 | Steps:   10 | Avg(10):  19.10 | Loss: 19.022347
2026-01-07 11:17:16 | INFO     | q_learning | Run 1 | Episode  158 | Reward:  10.00 | Steps:   10 | Avg(10):  18.60 | Loss: 16.706758
2026-01-07 11:17:16 | INFO     | q_learning | Run 1 | Episode  159 | Reward:  12.00 | Steps:   12 | Avg(10):  17.30 | Loss: 13.013198
2026-01-07 11:17:16 | INFO     | q_learning | Run 1 | Episode  160 | Reward:   8.00 | Steps:    8 | Avg(10):  11.90 | Loss: 16.237474
2026-01-07 11:17:16 | INFO     | q_learning | Run 1 | Episode  161 | Reward:  12.00 | Steps:   12 | Avg(10):  11.50 | Loss: 9.700900
2026-01-07 11:17:16 | INFO     | q_learning | Run 1 | Episode  162 | Reward:  10.00 | Steps:   10 | Avg(10):  10.80 | Loss: 9.983885
2026-01-07 11:17:16 | INFO     | q_learning | Run 1 | Episode  163 | Reward:  10.00 | Steps:   10 | Avg(10):  10.30 | Loss: 8.735908
2026-01-07 11:17:16 | INFO     | q_learning | Run 1 | Episode  164 | Reward:   9.00 | Steps:    9 | Avg(10):  10.00 | Loss: 8.156757
2026-01-07 11:17:16 | INFO     | q_learning | Run 1 | Episode  165 | Reward:  12.00 | Steps:   12 | Avg(10):  10.20 | Loss: 6.211989
2026-01-07 11:17:16 | INFO     | q_learning | Run 1 | Episode  166 | Reward:  10.00 | Steps:   10 | Avg(10):  10.30 | Loss: 5.633059
2026-01-07 11:17:16 | INFO     | q_learning | Run 1 | Episode  167 | Reward:   8.00 | Steps:    8 | Avg(10):  10.10 | Loss: 7.238378
2026-01-07 11:17:16 | INFO     | q_learning | Run 1 | Episode  168 | Reward:   8.00 | Steps:    8 | Avg(10):   9.90 | Loss: 6.154265
2026-01-07 11:17:16 | INFO     | q_learning | Run 1 | Episode  169 | Reward:   8.00 | Steps:    8 | Avg(10):   9.50 | Loss: 5.136964
2026-01-07 11:17:16 | INFO     | q_learning | Run 1 | Episode  170 | Reward:   8.00 | Steps:    8 | Avg(10):   9.50 | Loss: 4.260226
2026-01-07 11:17:16 | INFO     | q_learning | Run 1 | Episode  171 | Reward:  10.00 | Steps:   10 | Avg(10):   9.30 | Loss: 2.898833
2026-01-07 11:17:16 | INFO     | q_learning | Run 1 | Episode  172 | Reward:   9.00 | Steps:    9 | Avg(10):   9.20 | Loss: 2.011977
2026-01-07 11:17:16 | INFO     | q_learning | Run 1 | Episode  173 | Reward:   8.00 | Steps:    8 | Avg(10):   9.00 | Loss: 2.322031
2026-01-07 11:17:16 | INFO     | q_learning | Run 1 | Episode  174 | Reward:   8.00 | Steps:    8 | Avg(10):   8.90 | Loss: 2.109751
2026-01-07 11:17:16 | INFO     | q_learning | Run 1 | Episode  175 | Reward:  10.00 | Steps:   10 | Avg(10):   8.70 | Loss: 1.700110
2026-01-07 11:17:16 | INFO     | q_learning | Run 1 | Episode  176 | Reward:  10.00 | Steps:   10 | Avg(10):   8.70 | Loss: 1.452727
2026-01-07 11:17:16 | INFO     | q_learning | Run 1 | Episode  177 | Reward:   9.00 | Steps:    9 | Avg(10):   8.80 | Loss: 0.620905
2026-01-07 11:17:16 | INFO     | q_learning | Run 1 | Episode  178 | Reward:  11.00 | Steps:   11 | Avg(10):   9.10 | Loss: 2.168415
2026-01-07 11:17:16 | INFO     | q_learning | Run 1 | Episode  179 | Reward:   9.00 | Steps:    9 | Avg(10):   9.20 | Loss: 0.483434
2026-01-07 11:17:16 | INFO     | q_learning | Run 1 | Episode  180 | Reward:   9.00 | Steps:    9 | Avg(10):   9.30 | Loss: 1.489900
2026-01-07 11:17:16 | INFO     | q_learning | Run 1 | Episode  181 | Reward:  16.00 | Steps:   16 | Avg(10):   9.90 | Loss: 2.364160
2026-01-07 11:17:16 | INFO     | q_learning | Run 1 | Episode  182 | Reward:  10.00 | Steps:   10 | Avg(10):  10.00 | Loss: 2.468726
2026-01-07 11:17:16 | INFO     | q_learning | Run 1 | Episode  183 | Reward:  14.00 | Steps:   14 | Avg(10):  10.60 | Loss: 2.503295
2026-01-07 11:17:16 | INFO     | q_learning | Run 1 | Episode  184 | Reward:  13.00 | Steps:   13 | Avg(10):  11.10 | Loss: 2.894044
2026-01-07 11:17:16 | INFO     | q_learning | Run 1 | Episode  185 | Reward:  13.00 | Steps:   13 | Avg(10):  11.40 | Loss: 2.875403
2026-01-07 11:17:16 | INFO     | q_learning | Run 1 | Episode  186 | Reward:  16.00 | Steps:   16 | Avg(10):  12.00 | Loss: 3.517775
2026-01-07 11:17:16 | INFO     | q_learning | Run 1 | Episode  187 | Reward:  13.00 | Steps:   13 | Avg(10):  12.40 | Loss: 4.650152
2026-01-07 11:17:17 | INFO     | q_learning | Run 1 | Episode  188 | Reward:  12.00 | Steps:   12 | Avg(10):  12.50 | Loss: 3.985100
2026-01-07 11:17:17 | INFO     | q_learning | Run 1 | Episode  189 | Reward:  13.00 | Steps:   13 | Avg(10):  12.90 | Loss: 4.933328
2026-01-07 11:17:17 | INFO     | q_learning | Run 1 | Episode  190 | Reward:  13.00 | Steps:   13 | Avg(10):  13.30 | Loss: 6.615844
2026-01-07 11:17:17 | INFO     | q_learning | Run 1 | Episode  191 | Reward:  24.00 | Steps:   24 | Avg(10):  14.10 | Loss: 4.195236
2026-01-07 11:17:17 | INFO     | q_learning | Run 1 | Episode  192 | Reward:  32.00 | Steps:   32 | Avg(10):  16.30 | Loss: 3.708508
2026-01-07 11:17:17 | INFO     | q_learning | Run 1 | Episode  193 | Reward:  45.00 | Steps:   45 | Avg(10):  19.40 | Loss: 3.342334
2026-01-07 11:17:17 | INFO     | q_learning | Run 1 | Episode  194 | Reward:  29.00 | Steps:   29 | Avg(10):  21.00 | Loss: 4.912982
2026-01-07 11:17:17 | INFO     | q_learning | Run 1 | Episode  195 | Reward:  43.00 | Steps:   43 | Avg(10):  24.00 | Loss: 3.765945
2026-01-07 11:17:17 | INFO     | q_learning | Run 1 | Episode  196 | Reward:  27.00 | Steps:   27 | Avg(10):  25.10 | Loss: 5.937591
2026-01-07 11:17:17 | INFO     | q_learning | Run 1 | Episode  197 | Reward:  21.00 | Steps:   21 | Avg(10):  25.90 | Loss: 7.461629
2026-01-07 11:17:17 | INFO     | q_learning | Run 1 | Episode  198 | Reward:  19.00 | Steps:   19 | Avg(10):  26.60 | Loss: 8.357026
2026-01-07 11:17:17 | INFO     | q_learning | Run 1 | Episode  199 | Reward:  22.00 | Steps:   22 | Avg(10):  27.50 | Loss: 7.259051
2026-01-07 11:17:17 | INFO     | q_learning | Run 1 | Episode  200 | Reward:  26.00 | Steps:   26 | Avg(10):  28.80 | Loss: 6.620035
2026-01-07 11:17:17 | INFO     | q_learning | Run 1 | Episode  201 | Reward:  17.00 | Steps:   17 | Avg(10):  28.10 | Loss: 10.516450
2026-01-07 11:17:17 | INFO     | q_learning | Run 1 | Episode  202 | Reward:  28.00 | Steps:   28 | Avg(10):  27.70 | Loss: 6.831706
2026-01-07 11:17:17 | INFO     | q_learning | Run 1 | Episode  203 | Reward:  40.00 | Steps:   40 | Avg(10):  27.20 | Loss: 5.389860
2026-01-07 11:17:17 | INFO     | q_learning | Run 1 | Episode  204 | Reward:  42.00 | Steps:   42 | Avg(10):  28.50 | Loss: 5.724294
2026-01-07 11:17:17 | INFO     | q_learning | Run 1 | Episode  205 | Reward:  21.00 | Steps:   21 | Avg(10):  26.30 | Loss: 10.571180
2026-01-07 11:17:17 | INFO     | q_learning | Run 1 | Episode  206 | Reward:  26.00 | Steps:   26 | Avg(10):  26.20 | Loss: 8.607846
2026-01-07 11:17:17 | INFO     | q_learning | Run 1 | Episode  207 | Reward:  23.00 | Steps:   23 | Avg(10):  26.40 | Loss: 10.392708
2026-01-07 11:17:17 | INFO     | q_learning | Run 1 | Episode  208 | Reward:  26.00 | Steps:   26 | Avg(10):  27.10 | Loss: 9.186454
2026-01-07 11:17:17 | INFO     | q_learning | Run 1 | Episode  209 | Reward:  29.00 | Steps:   29 | Avg(10):  27.80 | Loss: 8.627378
2026-01-07 11:17:17 | INFO     | q_learning | Run 1 | Episode  210 | Reward:  16.00 | Steps:   16 | Avg(10):  26.80 | Loss: 14.727288
2026-01-07 11:17:17 | INFO     | q_learning | Run 1 | Episode  211 | Reward:  19.00 | Steps:   19 | Avg(10):  27.00 | Loss: 11.673415
2026-01-07 11:17:17 | INFO     | q_learning | Run 1 | Episode  212 | Reward:  12.00 | Steps:   12 | Avg(10):  25.40 | Loss: 16.858052
2026-01-07 11:17:17 | INFO     | q_learning | Run 1 | Episode  213 | Reward:  14.00 | Steps:   14 | Avg(10):  22.80 | Loss: 11.876819
2026-01-07 11:17:17 | INFO     | q_learning | Run 1 | Episode  214 | Reward:  10.00 | Steps:   10 | Avg(10):  19.60 | Loss: 18.412212
2026-01-07 11:17:17 | INFO     | q_learning | Run 1 | Episode  215 | Reward:  12.00 | Steps:   12 | Avg(10):  18.70 | Loss: 14.014022
2026-01-07 11:17:17 | INFO     | q_learning | Run 1 | Episode  216 | Reward:  11.00 | Steps:   11 | Avg(10):  17.20 | Loss: 15.601214
2026-01-07 11:17:17 | INFO     | q_learning | Run 1 | Episode  217 | Reward:  22.00 | Steps:   22 | Avg(10):  17.10 | Loss: 8.634631
2026-01-07 11:17:17 | INFO     | q_learning | Run 1 | Episode  218 | Reward:  23.00 | Steps:   23 | Avg(10):  16.80 | Loss: 8.545419
2026-01-07 11:17:17 | INFO     | q_learning | Run 1 | Episode  219 | Reward:  16.00 | Steps:   16 | Avg(10):  15.50 | Loss: 11.366085
2026-01-07 11:17:17 | INFO     | q_learning | Run 1 | Episode  220 | Reward:  16.00 | Steps:   16 | Avg(10):  15.50 | Loss: 11.270418
2026-01-07 11:17:17 | INFO     | q_learning | Run 1 | Episode  221 | Reward:  22.00 | Steps:   22 | Avg(10):  15.80 | Loss: 8.625052
2026-01-07 11:17:17 | INFO     | q_learning | Run 1 | Episode  222 | Reward:  18.00 | Steps:   18 | Avg(10):  16.40 | Loss: 10.099426
2026-01-07 11:17:17 | INFO     | q_learning | Run 1 | Episode  223 | Reward:  19.00 | Steps:   19 | Avg(10):  16.90 | Loss: 8.861728
2026-01-07 11:17:17 | INFO     | q_learning | Run 1 | Episode  224 | Reward:  37.00 | Steps:   37 | Avg(10):  19.60 | Loss: 5.907836
2026-01-07 11:17:17 | INFO     | q_learning | Run 1 | Episode  225 | Reward:  23.00 | Steps:   23 | Avg(10):  20.70 | Loss: 9.195867
2026-01-07 11:17:17 | INFO     | q_learning | Run 1 | Episode  226 | Reward:  27.00 | Steps:   27 | Avg(10):  22.30 | Loss: 8.014775
2026-01-07 11:17:17 | INFO     | q_learning | Run 1 | Episode  227 | Reward:  31.00 | Steps:   31 | Avg(10):  23.20 | Loss: 7.642099
2026-01-07 11:17:17 | INFO     | q_learning | Run 1 | Episode  228 | Reward:  18.00 | Steps:   18 | Avg(10):  22.70 | Loss: 11.961125
2026-01-07 11:17:17 | INFO     | q_learning | Run 1 | Episode  229 | Reward:  21.00 | Steps:   21 | Avg(10):  23.20 | Loss: 10.805206
2026-01-07 11:17:17 | INFO     | q_learning | Run 1 | Episode  230 | Reward:  21.00 | Steps:   21 | Avg(10):  23.70 | Loss: 10.305590
2026-01-07 11:17:17 | INFO     | q_learning | Run 1 | Episode  231 | Reward:  25.00 | Steps:   25 | Avg(10):  24.00 | Loss: 8.852574
2026-01-07 11:17:18 | INFO     | q_learning | Run 1 | Episode  232 | Reward:  30.00 | Steps:   30 | Avg(10):  25.20 | Loss: 7.778253
2026-01-07 11:17:18 | INFO     | q_learning | Run 1 | Episode  233 | Reward:  20.00 | Steps:   20 | Avg(10):  25.30 | Loss: 11.034957
2026-01-07 11:17:18 | INFO     | q_learning | Run 1 | Episode  234 | Reward:  24.00 | Steps:   24 | Avg(10):  24.00 | Loss: 9.388995
2026-01-07 11:17:18 | INFO     | q_learning | Run 1 | Episode  235 | Reward:  17.00 | Steps:   17 | Avg(10):  23.40 | Loss: 12.489019
2026-01-07 11:17:18 | INFO     | q_learning | Run 1 | Episode  236 | Reward:  14.00 | Steps:   14 | Avg(10):  22.10 | Loss: 15.708623
2026-01-07 11:17:18 | INFO     | q_learning | Run 1 | Episode  237 | Reward:  20.00 | Steps:   20 | Avg(10):  21.00 | Loss: 11.499562
2026-01-07 11:17:18 | INFO     | q_learning | Run 1 | Episode  238 | Reward:  22.00 | Steps:   22 | Avg(10):  21.40 | Loss: 10.107242
2026-01-07 11:17:18 | INFO     | q_learning | Run 1 | Episode  239 | Reward:  27.00 | Steps:   27 | Avg(10):  22.00 | Loss: 7.735015
2026-01-07 11:17:18 | INFO     | q_learning | Run 1 | Episode  240 | Reward:  35.00 | Steps:   35 | Avg(10):  23.40 | Loss: 7.086771
2026-01-07 11:17:18 | INFO     | q_learning | Run 1 | Episode  241 | Reward:  48.00 | Steps:   48 | Avg(10):  25.70 | Loss: 5.730483
2026-01-07 11:17:18 | INFO     | q_learning | Run 1 | Episode  242 | Reward:  59.00 | Steps:   59 | Avg(10):  28.60 | Loss: 5.366608
2026-01-07 11:17:18 | INFO     | q_learning | Run 1 | Episode  243 | Reward:  30.00 | Steps:   30 | Avg(10):  29.60 | Loss: 10.126690
2026-01-07 11:17:18 | INFO     | q_learning | Run 1 | Episode  244 | Reward:  32.00 | Steps:   32 | Avg(10):  30.40 | Loss: 10.291078
2026-01-07 11:17:18 | INFO     | q_learning | Run 1 | Episode  245 | Reward:  28.00 | Steps:   28 | Avg(10):  31.50 | Loss: 11.294885
2026-01-07 11:17:18 | INFO     | q_learning | Run 1 | Episode  246 | Reward:  25.00 | Steps:   25 | Avg(10):  32.60 | Loss: 12.765750
2026-01-07 11:17:18 | INFO     | q_learning | Run 1 | Episode  247 | Reward:  18.00 | Steps:   18 | Avg(10):  32.40 | Loss: 16.550480
2026-01-07 11:17:18 | INFO     | q_learning | Run 1 | Episode  248 | Reward:  22.00 | Steps:   22 | Avg(10):  32.40 | Loss: 13.643193
2026-01-07 11:17:18 | INFO     | q_learning | Run 1 | Episode  249 | Reward:  36.00 | Steps:   36 | Avg(10):  33.30 | Loss: 8.228456
2026-01-07 11:17:18 | INFO     | q_learning | Run 1 | Episode  250 | Reward:  46.00 | Steps:   46 | Avg(10):  34.40 | Loss: 7.403714
2026-01-07 11:17:18 | INFO     | q_learning | Run 1 | Episode  251 | Reward:  35.00 | Steps:   35 | Avg(10):  33.10 | Loss: 9.779800
2026-01-07 11:17:18 | INFO     | q_learning | Run 1 | Episode  252 | Reward:  30.00 | Steps:   30 | Avg(10):  30.20 | Loss: 10.897426
2026-01-07 11:17:18 | INFO     | q_learning | Run 1 | Episode  253 | Reward:  37.00 | Steps:   37 | Avg(10):  30.90 | Loss: 9.540085
2026-01-07 11:17:18 | INFO     | q_learning | Run 1 | Episode  254 | Reward:  27.00 | Steps:   27 | Avg(10):  30.40 | Loss: 13.646508
2026-01-07 11:17:18 | INFO     | q_learning | Run 1 | Episode  255 | Reward:  31.00 | Steps:   31 | Avg(10):  30.70 | Loss: 11.614540
2026-01-07 11:17:18 | INFO     | q_learning | Run 1 | Episode  256 | Reward:  20.00 | Steps:   20 | Avg(10):  30.20 | Loss: 17.663478
2026-01-07 11:17:18 | INFO     | q_learning | Run 1 | Episode  257 | Reward:  13.00 | Steps:   13 | Avg(10):  29.70 | Loss: 26.264610
2026-01-07 11:17:18 | INFO     | q_learning | Run 1 | Episode  258 | Reward:  10.00 | Steps:   10 | Avg(10):  28.50 | Loss: 31.516057
2026-01-07 11:17:18 | INFO     | q_learning | Run 1 | Episode  259 | Reward:  11.00 | Steps:   11 | Avg(10):  26.00 | Loss: 23.929226
2026-01-07 11:17:18 | INFO     | q_learning | Run 1 | Episode  260 | Reward:  12.00 | Steps:   12 | Avg(10):  22.60 | Loss: 18.516989
2026-01-07 11:17:18 | INFO     | q_learning | Run 1 | Episode  261 | Reward:  12.00 | Steps:   12 | Avg(10):  20.30 | Loss: 17.485375
2026-01-07 11:17:18 | INFO     | q_learning | Run 1 | Episode  262 | Reward:  13.00 | Steps:   13 | Avg(10):  18.60 | Loss: 13.610323
2026-01-07 11:17:18 | INFO     | q_learning | Run 1 | Episode  263 | Reward:  13.00 | Steps:   13 | Avg(10):  16.20 | Loss: 12.461691
2026-01-07 11:17:18 | INFO     | q_learning | Run 1 | Episode  264 | Reward:  11.00 | Steps:   11 | Avg(10):  14.60 | Loss: 13.637418
2026-01-07 11:17:18 | INFO     | q_learning | Run 1 | Episode  265 | Reward:  10.00 | Steps:   10 | Avg(10):  12.50 | Loss: 14.811549
2026-01-07 11:17:18 | INFO     | q_learning | Run 1 | Episode  266 | Reward:  13.00 | Steps:   13 | Avg(10):  11.80 | Loss: 12.224104
2026-01-07 11:17:18 | INFO     | q_learning | Run 1 | Episode  267 | Reward:  23.00 | Steps:   23 | Avg(10):  12.80 | Loss: 9.115577
2026-01-07 11:17:18 | INFO     | q_learning | Run 1 | Episode  268 | Reward:  29.00 | Steps:   29 | Avg(10):  14.70 | Loss: 7.350439
2026-01-07 11:17:18 | INFO     | q_learning | Run 1 | Episode  269 | Reward:  29.00 | Steps:   29 | Avg(10):  16.50 | Loss: 8.464692
2026-01-07 11:17:18 | INFO     | q_learning | Run 1 | Episode  270 | Reward:  69.00 | Steps:   69 | Avg(10):  22.20 | Loss: 3.901529
2026-01-07 11:17:19 | INFO     | q_learning | Run 1 | Episode  271 | Reward: 177.00 | Steps:  177 | Avg(10):  38.70 | Loss: 5.870542
2026-01-07 11:17:19 | INFO     | q_learning | Run 1 | Episode  272 | Reward:  62.00 | Steps:   62 | Avg(10):  43.60 | Loss: 6.488125
2026-01-07 11:17:19 | INFO     | q_learning | Run 1 | Episode  273 | Reward:  52.00 | Steps:   52 | Avg(10):  47.50 | Loss: 8.257143
2026-01-07 11:17:19 | INFO     | q_learning | Run 1 | Episode  274 | Reward:  55.00 | Steps:   55 | Avg(10):  51.90 | Loss: 8.339728
2026-01-07 11:17:19 | INFO     | q_learning | Run 1 | Episode  275 | Reward:  50.00 | Steps:   50 | Avg(10):  55.90 | Loss: 10.228513
2026-01-07 11:17:19 | INFO     | q_learning | Run 1 | Episode  276 | Reward:  49.00 | Steps:   49 | Avg(10):  59.50 | Loss: 10.318690
2026-01-07 11:17:19 | INFO     | q_learning | Run 1 | Episode  277 | Reward:  39.00 | Steps:   39 | Avg(10):  61.10 | Loss: 13.927071
2026-01-07 11:17:19 | INFO     | q_learning | Run 1 | Episode  278 | Reward:  64.00 | Steps:   64 | Avg(10):  64.60 | Loss: 7.859710
2026-01-07 11:17:19 | INFO     | q_learning | Run 1 | Episode  279 | Reward:  30.00 | Steps:   30 | Avg(10):  64.70 | Loss: 16.929539
2026-01-07 11:17:19 | INFO     | q_learning | Run 1 | Episode  280 | Reward:  36.00 | Steps:   36 | Avg(10):  61.40 | Loss: 14.422406
2026-01-07 11:17:19 | INFO     | q_learning | Run 1 | Episode  281 | Reward:  36.00 | Steps:   36 | Avg(10):  47.30 | Loss: 13.568353
2026-01-07 11:17:19 | INFO     | q_learning | Run 1 | Episode  282 | Reward:  33.00 | Steps:   33 | Avg(10):  44.40 | Loss: 14.063778
2026-01-07 11:17:19 | INFO     | q_learning | Run 1 | Episode  283 | Reward:  37.00 | Steps:   37 | Avg(10):  42.90 | Loss: 12.500969
2026-01-07 11:17:19 | INFO     | q_learning | Run 1 | Episode  284 | Reward:  32.00 | Steps:   32 | Avg(10):  40.60 | Loss: 14.587054
2026-01-07 11:17:19 | INFO     | q_learning | Run 1 | Episode  285 | Reward:  39.00 | Steps:   39 | Avg(10):  39.50 | Loss: 12.953012
2026-01-07 11:17:19 | INFO     | q_learning | Run 1 | Episode  286 | Reward:  59.00 | Steps:   59 | Avg(10):  40.50 | Loss: 8.003487
2026-01-07 11:17:19 | INFO     | q_learning | Run 1 | Episode  287 | Reward:  29.00 | Steps:   29 | Avg(10):  39.50 | Loss: 16.409573
2026-01-07 11:17:19 | INFO     | q_learning | Run 1 | Episode  288 | Reward:  66.00 | Steps:   66 | Avg(10):  39.70 | Loss: 6.816824
2026-01-07 11:17:19 | INFO     | q_learning | Run 1 | Episode  289 | Reward:  53.00 | Steps:   53 | Avg(10):  42.00 | Loss: 8.929335
2026-01-07 11:17:20 | INFO     | q_learning | Run 1 | Episode  290 | Reward:  38.00 | Steps:   38 | Avg(10):  42.20 | Loss: 13.302291
2026-01-07 11:17:20 | INFO     | q_learning | Run 1 | Episode  291 | Reward:  75.00 | Steps:   75 | Avg(10):  46.10 | Loss: 7.055705
2026-01-07 11:17:20 | INFO     | q_learning | Run 1 | Episode  292 | Reward:  82.00 | Steps:   82 | Avg(10):  51.00 | Loss: 7.729622
2026-01-07 11:17:20 | INFO     | q_learning | Run 1 | Episode  293 | Reward:  46.00 | Steps:   46 | Avg(10):  51.90 | Loss: 13.328894
2026-01-07 11:17:20 | INFO     | q_learning | Run 1 | Episode  294 | Reward:  35.00 | Steps:   35 | Avg(10):  52.20 | Loss: 18.912844
2026-01-07 11:17:20 | INFO     | q_learning | Run 1 | Episode  295 | Reward:  21.00 | Steps:   21 | Avg(10):  50.40 | Loss: 28.505122
2026-01-07 11:17:20 | INFO     | q_learning | Run 1 | Episode  296 | Reward:  19.00 | Steps:   19 | Avg(10):  46.40 | Loss: 31.262285
2026-01-07 11:17:20 | INFO     | q_learning | Run 1 | Episode  297 | Reward:  27.00 | Steps:   27 | Avg(10):  46.20 | Loss: 20.976725
2026-01-07 11:17:20 | INFO     | q_learning | Run 1 | Episode  298 | Reward:  31.00 | Steps:   31 | Avg(10):  42.70 | Loss: 16.395214
2026-01-07 11:17:20 | INFO     | q_learning | Run 1 | Episode  299 | Reward:  20.00 | Steps:   20 | Avg(10):  39.40 | Loss: 19.746826
2026-01-07 11:17:20 | INFO     | q_learning | Run 1 completed. Final reward: 20.00, Average: 18.35
2026-01-07 11:17:20 | INFO     | q_learning | 
================================================================================
2026-01-07 11:17:20 | INFO     | q_learning | Starting Run 2/50
2026-01-07 11:17:20 | INFO     | q_learning | ================================================================================
2026-01-07 11:17:21 | INFO     | q_learning | Environment created: <TimeLimit<OrderEnforcing<PassiveEnvChecker<CartPoleEnv<CartPole-v1>>>>>
2026-01-07 11:17:21 | INFO     | q_learning | Observation space: shape=(4,), dtype=float32
2026-01-07 11:17:21 | INFO     | q_learning | Action space: n=2, type=<class 'gymnasium.spaces.discrete.Discrete'>
2026-01-07 11:17:21 | INFO     | q_learning | Device: cuda
2026-01-07 11:17:21 | INFO     | q_learning | Q-Network initialized: obs_dim=4, act_dim=2
2026-01-07 11:17:21 | INFO     | q_learning | Training config: lr=0.001, gamma=0.99, epsilon=0.1
2026-01-07 11:17:21 | INFO     | q_learning | Run 2 | Episode    0 | Reward:   9.00 | Steps:    9 | Avg(10):   9.00 | Loss: 0.930686
2026-01-07 11:17:21 | INFO     | q_learning | Run 2 | Episode    1 | Reward:  12.00 | Steps:   12 | Avg(10):  10.50 | Loss: 1.018571
2026-01-07 11:17:21 | INFO     | q_learning | Run 2 | Episode    2 | Reward:  12.00 | Steps:   12 | Avg(10):  11.00 | Loss: 1.200905
2026-01-07 11:17:21 | INFO     | q_learning | Run 2 | Episode    3 | Reward:  11.00 | Steps:   11 | Avg(10):  11.00 | Loss: 1.369170
2026-01-07 11:17:21 | INFO     | q_learning | Run 2 | Episode    4 | Reward:  10.00 | Steps:   10 | Avg(10):  10.80 | Loss: 1.695106
2026-01-07 11:17:21 | INFO     | q_learning | Run 2 | Episode    5 | Reward:  10.00 | Steps:   10 | Avg(10):  10.67 | Loss: 1.974060
2026-01-07 11:17:21 | INFO     | q_learning | Run 2 | Episode    6 | Reward:  10.00 | Steps:   10 | Avg(10):  10.57 | Loss: 1.997850
2026-01-07 11:17:21 | INFO     | q_learning | Run 2 | Episode    7 | Reward:  12.00 | Steps:   12 | Avg(10):  10.75 | Loss: 2.451420
2026-01-07 11:17:21 | INFO     | q_learning | Run 2 | Episode    8 | Reward:  11.00 | Steps:   11 | Avg(10):  10.78 | Loss: 2.688734
2026-01-07 11:17:21 | INFO     | q_learning | Run 2 | Episode    9 | Reward:  11.00 | Steps:   11 | Avg(10):  10.80 | Loss: 2.911631
2026-01-07 11:17:21 | INFO     | q_learning | Run 2 | Episode   10 | Reward:  13.00 | Steps:   13 | Avg(10):  11.20 | Loss: 3.483657
2026-01-07 11:17:21 | INFO     | q_learning | Run 2 | Episode   11 | Reward:   9.00 | Steps:    9 | Avg(10):  10.90 | Loss: 3.978429
2026-01-07 11:17:21 | INFO     | q_learning | Run 2 | Episode   12 | Reward:  11.00 | Steps:   11 | Avg(10):  10.80 | Loss: 4.248147
2026-01-07 11:17:21 | INFO     | q_learning | Run 2 | Episode   13 | Reward:  10.00 | Steps:   10 | Avg(10):  10.70 | Loss: 4.381616
2026-01-07 11:17:21 | INFO     | q_learning | Run 2 | Episode   14 | Reward:  10.00 | Steps:   10 | Avg(10):  10.70 | Loss: 4.069757
2026-01-07 11:17:21 | INFO     | q_learning | Run 2 | Episode   15 | Reward:  10.00 | Steps:   10 | Avg(10):  10.70 | Loss: 4.635825
2026-01-07 11:17:21 | INFO     | q_learning | Run 2 | Episode   16 | Reward:  11.00 | Steps:   11 | Avg(10):  10.80 | Loss: 3.148324
2026-01-07 11:17:21 | INFO     | q_learning | Run 2 | Episode   17 | Reward:   8.00 | Steps:    8 | Avg(10):  10.40 | Loss: 5.354829
2026-01-07 11:17:21 | INFO     | q_learning | Run 2 | Episode   18 | Reward:  10.00 | Steps:   10 | Avg(10):  10.30 | Loss: 5.062449
2026-01-07 11:17:21 | INFO     | q_learning | Run 2 | Episode   19 | Reward:  10.00 | Steps:   10 | Avg(10):  10.20 | Loss: 5.104808
2026-01-07 11:17:21 | INFO     | q_learning | Run 2 | Episode   20 | Reward:   9.00 | Steps:    9 | Avg(10):   9.80 | Loss: 5.588514
2026-01-07 11:17:21 | INFO     | q_learning | Run 2 | Episode   21 | Reward:  11.00 | Steps:   11 | Avg(10):  10.00 | Loss: 5.423341
2026-01-07 11:17:21 | INFO     | q_learning | Run 2 | Episode   22 | Reward:  10.00 | Steps:   10 | Avg(10):   9.90 | Loss: 5.564357
2026-01-07 11:17:21 | INFO     | q_learning | Run 2 | Episode   23 | Reward:  10.00 | Steps:   10 | Avg(10):   9.90 | Loss: 5.385484
2026-01-07 11:17:21 | INFO     | q_learning | Run 2 | Episode   24 | Reward:   9.00 | Steps:    9 | Avg(10):   9.80 | Loss: 5.571332
2026-01-07 11:17:21 | INFO     | q_learning | Run 2 | Episode   25 | Reward:  10.00 | Steps:   10 | Avg(10):   9.80 | Loss: 3.775418
2026-01-07 11:17:21 | INFO     | q_learning | Run 2 | Episode   26 | Reward:   8.00 | Steps:    8 | Avg(10):   9.50 | Loss: 5.889477
2026-01-07 11:17:21 | INFO     | q_learning | Run 2 | Episode   27 | Reward:  10.00 | Steps:   10 | Avg(10):   9.70 | Loss: 5.178169
2026-01-07 11:17:21 | INFO     | q_learning | Run 2 | Episode   28 | Reward:  10.00 | Steps:   10 | Avg(10):   9.70 | Loss: 5.125492
2026-01-07 11:17:21 | INFO     | q_learning | Run 2 | Episode   29 | Reward:  13.00 | Steps:   13 | Avg(10):  10.00 | Loss: 5.239917
2026-01-07 11:17:21 | INFO     | q_learning | Run 2 | Episode   30 | Reward:   9.00 | Steps:    9 | Avg(10):  10.00 | Loss: 5.436536
2026-01-07 11:17:21 | INFO     | q_learning | Run 2 | Episode   31 | Reward:  12.00 | Steps:   12 | Avg(10):  10.10 | Loss: 5.089895
2026-01-07 11:17:21 | INFO     | q_learning | Run 2 | Episode   32 | Reward:   9.00 | Steps:    9 | Avg(10):  10.00 | Loss: 5.258223
2026-01-07 11:17:21 | INFO     | q_learning | Run 2 | Episode   33 | Reward:  10.00 | Steps:   10 | Avg(10):  10.00 | Loss: 5.547273
2026-01-07 11:17:21 | INFO     | q_learning | Run 2 | Episode   34 | Reward:  10.00 | Steps:   10 | Avg(10):  10.10 | Loss: 4.548180
2026-01-07 11:17:21 | INFO     | q_learning | Run 2 | Episode   35 | Reward:  11.00 | Steps:   11 | Avg(10):  10.20 | Loss: 4.911487
2026-01-07 11:17:21 | INFO     | q_learning | Run 2 | Episode   36 | Reward:  10.00 | Steps:   10 | Avg(10):  10.40 | Loss: 4.283566
2026-01-07 11:17:21 | INFO     | q_learning | Run 2 | Episode   37 | Reward:  10.00 | Steps:   10 | Avg(10):  10.40 | Loss: 4.153019
2026-01-07 11:17:21 | INFO     | q_learning | Run 2 | Episode   38 | Reward:  11.00 | Steps:   11 | Avg(10):  10.50 | Loss: 4.355298
2026-01-07 11:17:21 | INFO     | q_learning | Run 2 | Episode   39 | Reward:   9.00 | Steps:    9 | Avg(10):  10.10 | Loss: 4.278659
2026-01-07 11:17:21 | INFO     | q_learning | Run 2 | Episode   40 | Reward:  10.00 | Steps:   10 | Avg(10):  10.20 | Loss: 3.612064
2026-01-07 11:17:21 | INFO     | q_learning | Run 2 | Episode   41 | Reward:   9.00 | Steps:    9 | Avg(10):   9.90 | Loss: 3.847521
2026-01-07 11:17:21 | INFO     | q_learning | Run 2 | Episode   42 | Reward:   9.00 | Steps:    9 | Avg(10):   9.90 | Loss: 4.835380
2026-01-07 11:17:21 | INFO     | q_learning | Run 2 | Episode   43 | Reward:  10.00 | Steps:   10 | Avg(10):   9.90 | Loss: 3.114893
2026-01-07 11:17:21 | INFO     | q_learning | Run 2 | Episode   44 | Reward:   9.00 | Steps:    9 | Avg(10):   9.80 | Loss: 3.421158
2026-01-07 11:17:21 | INFO     | q_learning | Run 2 | Episode   45 | Reward:   9.00 | Steps:    9 | Avg(10):   9.60 | Loss: 3.026225
2026-01-07 11:17:22 | INFO     | q_learning | Run 2 | Episode   46 | Reward:  11.00 | Steps:   11 | Avg(10):   9.70 | Loss: 3.644372
2026-01-07 11:17:22 | INFO     | q_learning | Run 2 | Episode   47 | Reward:   9.00 | Steps:    9 | Avg(10):   9.60 | Loss: 2.780547
2026-01-07 11:17:22 | INFO     | q_learning | Run 2 | Episode   48 | Reward:  10.00 | Steps:   10 | Avg(10):   9.50 | Loss: 2.171972
2026-01-07 11:17:22 | INFO     | q_learning | Run 2 | Episode   49 | Reward:  12.00 | Steps:   12 | Avg(10):   9.80 | Loss: 2.826700
2026-01-07 11:17:22 | INFO     | q_learning | Run 2 | Episode   50 | Reward:  10.00 | Steps:   10 | Avg(10):   9.80 | Loss: 3.723136
2026-01-07 11:17:22 | INFO     | q_learning | Run 2 | Episode   51 | Reward:  12.00 | Steps:   12 | Avg(10):  10.10 | Loss: 3.894835
2026-01-07 11:17:22 | INFO     | q_learning | Run 2 | Episode   52 | Reward:  10.00 | Steps:   10 | Avg(10):  10.20 | Loss: 1.875804
2026-01-07 11:17:22 | INFO     | q_learning | Run 2 | Episode   53 | Reward:   9.00 | Steps:    9 | Avg(10):  10.10 | Loss: 2.155398
2026-01-07 11:17:22 | INFO     | q_learning | Run 2 | Episode   54 | Reward:   9.00 | Steps:    9 | Avg(10):  10.10 | Loss: 1.966077
2026-01-07 11:17:22 | INFO     | q_learning | Run 2 | Episode   55 | Reward:   9.00 | Steps:    9 | Avg(10):  10.10 | Loss: 1.845754
2026-01-07 11:17:22 | INFO     | q_learning | Run 2 | Episode   56 | Reward:  11.00 | Steps:   11 | Avg(10):  10.10 | Loss: 2.236977
2026-01-07 11:17:22 | INFO     | q_learning | Run 2 | Episode   57 | Reward:  10.00 | Steps:   10 | Avg(10):  10.20 | Loss: 1.188248
2026-01-07 11:17:22 | INFO     | q_learning | Run 2 | Episode   58 | Reward:  10.00 | Steps:   10 | Avg(10):  10.20 | Loss: 1.150596
2026-01-07 11:17:22 | INFO     | q_learning | Run 2 | Episode   59 | Reward:   8.00 | Steps:    8 | Avg(10):   9.80 | Loss: 2.079903
2026-01-07 11:17:22 | INFO     | q_learning | Run 2 | Episode   60 | Reward:   9.00 | Steps:    9 | Avg(10):   9.70 | Loss: 1.200024
2026-01-07 11:17:22 | INFO     | q_learning | Run 2 | Episode   61 | Reward:  10.00 | Steps:   10 | Avg(10):   9.50 | Loss: 0.859907
2026-01-07 11:17:22 | INFO     | q_learning | Run 2 | Episode   62 | Reward:   9.00 | Steps:    9 | Avg(10):   9.40 | Loss: 0.865806
2026-01-07 11:17:22 | INFO     | q_learning | Run 2 | Episode   63 | Reward:   9.00 | Steps:    9 | Avg(10):   9.40 | Loss: 0.849322
2026-01-07 11:17:22 | INFO     | q_learning | Run 2 | Episode   64 | Reward:   8.00 | Steps:    8 | Avg(10):   9.30 | Loss: 1.231412
2026-01-07 11:17:22 | INFO     | q_learning | Run 2 | Episode   65 | Reward:  10.00 | Steps:   10 | Avg(10):   9.40 | Loss: 0.493891
2026-01-07 11:17:22 | INFO     | q_learning | Run 2 | Episode   66 | Reward:  10.00 | Steps:   10 | Avg(10):   9.30 | Loss: 1.169274
2026-01-07 11:17:22 | INFO     | q_learning | Run 2 | Episode   67 | Reward:  12.00 | Steps:   12 | Avg(10):   9.50 | Loss: 2.401394
2026-01-07 11:17:22 | INFO     | q_learning | Run 2 | Episode   68 | Reward:  10.00 | Steps:   10 | Avg(10):   9.50 | Loss: 0.908432
2026-01-07 11:17:22 | INFO     | q_learning | Run 2 | Episode   69 | Reward:  10.00 | Steps:   10 | Avg(10):   9.70 | Loss: 0.898938
2026-01-07 11:17:22 | INFO     | q_learning | Run 2 | Episode   70 | Reward:   8.00 | Steps:    8 | Avg(10):   9.60 | Loss: 0.859211
2026-01-07 11:17:22 | INFO     | q_learning | Run 2 | Episode   71 | Reward:   9.00 | Steps:    9 | Avg(10):   9.50 | Loss: 0.511256
2026-01-07 11:17:22 | INFO     | q_learning | Run 2 | Episode   72 | Reward:   9.00 | Steps:    9 | Avg(10):   9.50 | Loss: 0.428923
2026-01-07 11:17:22 | INFO     | q_learning | Run 2 | Episode   73 | Reward:   9.00 | Steps:    9 | Avg(10):   9.50 | Loss: 0.350965
2026-01-07 11:17:22 | INFO     | q_learning | Run 2 | Episode   74 | Reward:   8.00 | Steps:    8 | Avg(10):   9.50 | Loss: 0.665547
2026-01-07 11:17:22 | INFO     | q_learning | Run 2 | Episode   75 | Reward:  12.00 | Steps:   12 | Avg(10):   9.70 | Loss: 1.845680
2026-01-07 11:17:22 | INFO     | q_learning | Run 2 | Episode   76 | Reward:   9.00 | Steps:    9 | Avg(10):   9.60 | Loss: 0.285958
2026-01-07 11:17:22 | INFO     | q_learning | Run 2 | Episode   77 | Reward:  10.00 | Steps:   10 | Avg(10):   9.40 | Loss: 0.585097
2026-01-07 11:17:22 | INFO     | q_learning | Run 2 | Episode   78 | Reward:  11.00 | Steps:   11 | Avg(10):   9.50 | Loss: 2.202037
2026-01-07 11:17:22 | INFO     | q_learning | Run 2 | Episode   79 | Reward:  10.00 | Steps:   10 | Avg(10):   9.50 | Loss: 1.727165
2026-01-07 11:17:22 | INFO     | q_learning | Run 2 | Episode   80 | Reward:  10.00 | Steps:   10 | Avg(10):   9.70 | Loss: 1.554245
2026-01-07 11:17:22 | INFO     | q_learning | Run 2 | Episode   81 | Reward:   9.00 | Steps:    9 | Avg(10):   9.70 | Loss: 1.007672
2026-01-07 11:17:22 | INFO     | q_learning | Run 2 | Episode   82 | Reward:  11.00 | Steps:   11 | Avg(10):   9.90 | Loss: 1.982277
2026-01-07 11:17:22 | INFO     | q_learning | Run 2 | Episode   83 | Reward:  11.00 | Steps:   11 | Avg(10):  10.10 | Loss: 1.054008
2026-01-07 11:17:22 | INFO     | q_learning | Run 2 | Episode   84 | Reward:  11.00 | Steps:   11 | Avg(10):  10.40 | Loss: 2.060345
2026-01-07 11:17:22 | INFO     | q_learning | Run 2 | Episode   85 | Reward:  11.00 | Steps:   11 | Avg(10):  10.30 | Loss: 2.051969
2026-01-07 11:17:22 | INFO     | q_learning | Run 2 | Episode   86 | Reward:  11.00 | Steps:   11 | Avg(10):  10.50 | Loss: 2.076971
2026-01-07 11:17:22 | INFO     | q_learning | Run 2 | Episode   87 | Reward:  11.00 | Steps:   11 | Avg(10):  10.60 | Loss: 2.595805
2026-01-07 11:17:22 | INFO     | q_learning | Run 2 | Episode   88 | Reward:  10.00 | Steps:   10 | Avg(10):  10.50 | Loss: 1.731101
2026-01-07 11:17:22 | INFO     | q_learning | Run 2 | Episode   89 | Reward:  10.00 | Steps:   10 | Avg(10):  10.50 | Loss: 1.814643
2026-01-07 11:17:22 | INFO     | q_learning | Run 2 | Episode   90 | Reward:  12.00 | Steps:   12 | Avg(10):  10.70 | Loss: 1.769551
2026-01-07 11:17:22 | INFO     | q_learning | Run 2 | Episode   91 | Reward:  13.00 | Steps:   13 | Avg(10):  11.10 | Loss: 2.002953
2026-01-07 11:17:22 | INFO     | q_learning | Run 2 | Episode   92 | Reward:  10.00 | Steps:   10 | Avg(10):  11.00 | Loss: 1.767412
2026-01-07 11:17:22 | INFO     | q_learning | Run 2 | Episode   93 | Reward:  15.00 | Steps:   15 | Avg(10):  11.40 | Loss: 2.608741
2026-01-07 11:17:22 | INFO     | q_learning | Run 2 | Episode   94 | Reward:  11.00 | Steps:   11 | Avg(10):  11.40 | Loss: 2.400545
2026-01-07 11:17:22 | INFO     | q_learning | Run 2 | Episode   95 | Reward:   9.00 | Steps:    9 | Avg(10):  11.20 | Loss: 2.693209
2026-01-07 11:17:22 | INFO     | q_learning | Run 2 | Episode   96 | Reward:  11.00 | Steps:   11 | Avg(10):  11.20 | Loss: 2.426804
2026-01-07 11:17:22 | INFO     | q_learning | Run 2 | Episode   97 | Reward:  10.00 | Steps:   10 | Avg(10):  11.10 | Loss: 3.279039
2026-01-07 11:17:22 | INFO     | q_learning | Run 2 | Episode   98 | Reward:  11.00 | Steps:   11 | Avg(10):  11.20 | Loss: 3.809792
2026-01-07 11:17:22 | INFO     | q_learning | Run 2 | Episode   99 | Reward:  11.00 | Steps:   11 | Avg(10):  11.30 | Loss: 3.618213
2026-01-07 11:17:22 | INFO     | q_learning | Run 2 | Episode  100 | Reward:  22.00 | Steps:   22 | Avg(10):  12.30 | Loss: 3.159289
2026-01-07 11:17:22 | INFO     | q_learning | Run 2 | Episode  101 | Reward:  17.00 | Steps:   17 | Avg(10):  12.70 | Loss: 3.542200
2026-01-07 11:17:22 | INFO     | q_learning | Run 2 | Episode  102 | Reward:  22.00 | Steps:   22 | Avg(10):  13.90 | Loss: 3.409882
2026-01-07 11:17:22 | INFO     | q_learning | Run 2 | Episode  103 | Reward:  21.00 | Steps:   21 | Avg(10):  14.50 | Loss: 4.177806
2026-01-07 11:17:22 | INFO     | q_learning | Run 2 | Episode  104 | Reward:  23.00 | Steps:   23 | Avg(10):  15.70 | Loss: 4.277189
2026-01-07 11:17:22 | INFO     | q_learning | Run 2 | Episode  105 | Reward:  23.00 | Steps:   23 | Avg(10):  17.10 | Loss: 4.437389
2026-01-07 11:17:22 | INFO     | q_learning | Run 2 | Episode  106 | Reward:  48.00 | Steps:   48 | Avg(10):  20.80 | Loss: 18.000096
2026-01-07 11:17:22 | INFO     | q_learning | Run 2 | Episode  107 | Reward:  10.00 | Steps:   10 | Avg(10):  20.80 | Loss: 47.162328
2026-01-07 11:17:22 | INFO     | q_learning | Run 2 | Episode  108 | Reward:   9.00 | Steps:    9 | Avg(10):  20.60 | Loss: 43.129438
2026-01-07 11:17:22 | INFO     | q_learning | Run 2 | Episode  109 | Reward:  12.00 | Steps:   12 | Avg(10):  20.70 | Loss: 30.326259
2026-01-07 11:17:22 | INFO     | q_learning | Run 2 | Episode  110 | Reward:  10.00 | Steps:   10 | Avg(10):  19.50 | Loss: 33.186231
2026-01-07 11:17:22 | INFO     | q_learning | Run 2 | Episode  111 | Reward:  10.00 | Steps:   10 | Avg(10):  18.80 | Loss: 30.526665
2026-01-07 11:17:22 | INFO     | q_learning | Run 2 | Episode  112 | Reward:  10.00 | Steps:   10 | Avg(10):  17.60 | Loss: 25.780751
2026-01-07 11:17:22 | INFO     | q_learning | Run 2 | Episode  113 | Reward:   8.00 | Steps:    8 | Avg(10):  16.30 | Loss: 29.442038
2026-01-07 11:17:22 | INFO     | q_learning | Run 2 | Episode  114 | Reward:   8.00 | Steps:    8 | Avg(10):  14.80 | Loss: 27.358715
2026-01-07 11:17:22 | INFO     | q_learning | Run 2 | Episode  115 | Reward:   9.00 | Steps:    9 | Avg(10):  13.40 | Loss: 23.915780
2026-01-07 11:17:22 | INFO     | q_learning | Run 2 | Episode  116 | Reward:  11.00 | Steps:   11 | Avg(10):   9.70 | Loss: 18.407242
2026-01-07 11:17:22 | INFO     | q_learning | Run 2 | Episode  117 | Reward:  12.00 | Steps:   12 | Avg(10):   9.90 | Loss: 15.392892
2026-01-07 11:17:22 | INFO     | q_learning | Run 2 | Episode  118 | Reward:  11.00 | Steps:   11 | Avg(10):  10.10 | Loss: 15.379656
2026-01-07 11:17:22 | INFO     | q_learning | Run 2 | Episode  119 | Reward:  10.00 | Steps:   10 | Avg(10):   9.90 | Loss: 15.684927
2026-01-07 11:17:22 | INFO     | q_learning | Run 2 | Episode  120 | Reward:   9.00 | Steps:    9 | Avg(10):   9.80 | Loss: 16.704425
2026-01-07 11:17:22 | INFO     | q_learning | Run 2 | Episode  121 | Reward:  10.00 | Steps:   10 | Avg(10):   9.80 | Loss: 14.245538
2026-01-07 11:17:22 | INFO     | q_learning | Run 2 | Episode  122 | Reward:   9.00 | Steps:    9 | Avg(10):   9.70 | Loss: 15.259197
2026-01-07 11:17:22 | INFO     | q_learning | Run 2 | Episode  123 | Reward:   9.00 | Steps:    9 | Avg(10):   9.80 | Loss: 14.406245
2026-01-07 11:17:22 | INFO     | q_learning | Run 2 | Episode  124 | Reward:  10.00 | Steps:   10 | Avg(10):  10.00 | Loss: 12.691922
2026-01-07 11:17:22 | INFO     | q_learning | Run 2 | Episode  125 | Reward:  10.00 | Steps:   10 | Avg(10):  10.10 | Loss: 11.592676
2026-01-07 11:17:22 | INFO     | q_learning | Run 2 | Episode  126 | Reward:   8.00 | Steps:    8 | Avg(10):   9.80 | Loss: 13.260666
2026-01-07 11:17:22 | INFO     | q_learning | Run 2 | Episode  127 | Reward:  10.00 | Steps:   10 | Avg(10):   9.60 | Loss: 10.460685
2026-01-07 11:17:22 | INFO     | q_learning | Run 2 | Episode  128 | Reward:   9.00 | Steps:    9 | Avg(10):   9.40 | Loss: 10.203918
2026-01-07 11:17:22 | INFO     | q_learning | Run 2 | Episode  129 | Reward:  10.00 | Steps:   10 | Avg(10):   9.40 | Loss: 9.124692
2026-01-07 11:17:22 | INFO     | q_learning | Run 2 | Episode  130 | Reward:  10.00 | Steps:   10 | Avg(10):   9.50 | Loss: 8.151820
2026-01-07 11:17:22 | INFO     | q_learning | Run 2 | Episode  131 | Reward:  11.00 | Steps:   11 | Avg(10):   9.60 | Loss: 7.257900
2026-01-07 11:17:23 | INFO     | q_learning | Run 2 | Episode  132 | Reward:   9.00 | Steps:    9 | Avg(10):   9.60 | Loss: 7.849761
2026-01-07 11:17:23 | INFO     | q_learning | Run 2 | Episode  133 | Reward:  10.00 | Steps:   10 | Avg(10):   9.70 | Loss: 6.521192
2026-01-07 11:17:23 | INFO     | q_learning | Run 2 | Episode  134 | Reward:   9.00 | Steps:    9 | Avg(10):   9.60 | Loss: 6.688638
2026-01-07 11:17:23 | INFO     | q_learning | Run 2 | Episode  135 | Reward:  10.00 | Steps:   10 | Avg(10):   9.60 | Loss: 5.443228
2026-01-07 11:17:23 | INFO     | q_learning | Run 2 | Episode  136 | Reward:  11.00 | Steps:   11 | Avg(10):   9.90 | Loss: 5.012207
2026-01-07 11:17:23 | INFO     | q_learning | Run 2 | Episode  137 | Reward:   9.00 | Steps:    9 | Avg(10):   9.80 | Loss: 5.323461
2026-01-07 11:17:23 | INFO     | q_learning | Run 2 | Episode  138 | Reward:  10.00 | Steps:   10 | Avg(10):   9.90 | Loss: 4.241238
2026-01-07 11:17:23 | INFO     | q_learning | Run 2 | Episode  139 | Reward:   8.00 | Steps:    8 | Avg(10):   9.70 | Loss: 5.831521
2026-01-07 11:17:23 | INFO     | q_learning | Run 2 | Episode  140 | Reward:  11.00 | Steps:   11 | Avg(10):   9.80 | Loss: 4.068578
2026-01-07 11:17:23 | INFO     | q_learning | Run 2 | Episode  141 | Reward:   8.00 | Steps:    8 | Avg(10):   9.50 | Loss: 5.015512
2026-01-07 11:17:23 | INFO     | q_learning | Run 2 | Episode  142 | Reward:  13.00 | Steps:   13 | Avg(10):   9.90 | Loss: 3.673124
2026-01-07 11:17:23 | INFO     | q_learning | Run 2 | Episode  143 | Reward:   9.00 | Steps:    9 | Avg(10):   9.80 | Loss: 3.193448
2026-01-07 11:17:23 | INFO     | q_learning | Run 2 | Episode  144 | Reward:  10.00 | Steps:   10 | Avg(10):   9.90 | Loss: 2.426982
2026-01-07 11:17:23 | INFO     | q_learning | Run 2 | Episode  145 | Reward:   9.00 | Steps:    9 | Avg(10):   9.80 | Loss: 2.591779
2026-01-07 11:17:23 | INFO     | q_learning | Run 2 | Episode  146 | Reward:   9.00 | Steps:    9 | Avg(10):   9.60 | Loss: 2.395149
2026-01-07 11:17:23 | INFO     | q_learning | Run 2 | Episode  147 | Reward:   9.00 | Steps:    9 | Avg(10):   9.60 | Loss: 2.055864
2026-01-07 11:17:23 | INFO     | q_learning | Run 2 | Episode  148 | Reward:   9.00 | Steps:    9 | Avg(10):   9.50 | Loss: 1.831078
2026-01-07 11:17:23 | INFO     | q_learning | Run 2 | Episode  149 | Reward:   9.00 | Steps:    9 | Avg(10):   9.60 | Loss: 1.653992
2026-01-07 11:17:23 | INFO     | q_learning | Run 2 | Episode  150 | Reward:   9.00 | Steps:    9 | Avg(10):   9.40 | Loss: 1.359835
2026-01-07 11:17:23 | INFO     | q_learning | Run 2 | Episode  151 | Reward:  10.00 | Steps:   10 | Avg(10):   9.60 | Loss: 0.874963
2026-01-07 11:17:23 | INFO     | q_learning | Run 2 | Episode  152 | Reward:  11.00 | Steps:   11 | Avg(10):   9.40 | Loss: 1.787377
2026-01-07 11:17:23 | INFO     | q_learning | Run 2 | Episode  153 | Reward:   8.00 | Steps:    8 | Avg(10):   9.30 | Loss: 1.696342
2026-01-07 11:17:23 | INFO     | q_learning | Run 2 | Episode  154 | Reward:   9.00 | Steps:    9 | Avg(10):   9.20 | Loss: 3.137368
2026-01-07 11:17:23 | INFO     | q_learning | Run 2 | Episode  155 | Reward:  10.00 | Steps:   10 | Avg(10):   9.30 | Loss: 1.463135
2026-01-07 11:17:23 | INFO     | q_learning | Run 2 | Episode  156 | Reward:   9.00 | Steps:    9 | Avg(10):   9.30 | Loss: 1.967950
2026-01-07 11:17:23 | INFO     | q_learning | Run 2 | Episode  157 | Reward:  10.00 | Steps:   10 | Avg(10):   9.40 | Loss: 1.527394
2026-01-07 11:17:23 | INFO     | q_learning | Run 2 | Episode  158 | Reward:  11.00 | Steps:   11 | Avg(10):   9.60 | Loss: 2.156930
2026-01-07 11:17:23 | INFO     | q_learning | Run 2 | Episode  159 | Reward:  10.00 | Steps:   10 | Avg(10):   9.70 | Loss: 2.920331
2026-01-07 11:17:23 | INFO     | q_learning | Run 2 | Episode  160 | Reward:   9.00 | Steps:    9 | Avg(10):   9.70 | Loss: 1.842562
2026-01-07 11:17:23 | INFO     | q_learning | Run 2 | Episode  161 | Reward:  10.00 | Steps:   10 | Avg(10):   9.70 | Loss: 5.268632
2026-01-07 11:17:23 | INFO     | q_learning | Run 2 | Episode  162 | Reward:  10.00 | Steps:   10 | Avg(10):   9.60 | Loss: 4.891560
2026-01-07 11:17:23 | INFO     | q_learning | Run 2 | Episode  163 | Reward:  14.00 | Steps:   14 | Avg(10):  10.20 | Loss: 5.971735
2026-01-07 11:17:23 | INFO     | q_learning | Run 2 | Episode  164 | Reward:  39.00 | Steps:   39 | Avg(10):  13.20 | Loss: 5.478160
2026-01-07 11:17:23 | INFO     | q_learning | Run 2 | Episode  165 | Reward:  12.00 | Steps:   12 | Avg(10):  13.40 | Loss: 16.933308
2026-01-07 11:17:23 | INFO     | q_learning | Run 2 | Episode  166 | Reward:   9.00 | Steps:    9 | Avg(10):  13.40 | Loss: 22.979136
2026-01-07 11:17:23 | INFO     | q_learning | Run 2 | Episode  167 | Reward:  10.00 | Steps:   10 | Avg(10):  13.40 | Loss: 21.763759
2026-01-07 11:17:23 | INFO     | q_learning | Run 2 | Episode  168 | Reward:  11.00 | Steps:   11 | Avg(10):  13.40 | Loss: 18.179262
2026-01-07 11:17:23 | INFO     | q_learning | Run 2 | Episode  169 | Reward:   8.00 | Steps:    8 | Avg(10):  13.20 | Loss: 19.072182
2026-01-07 11:17:23 | INFO     | q_learning | Run 2 | Episode  170 | Reward:   9.00 | Steps:    9 | Avg(10):  13.20 | Loss: 16.654943
2026-01-07 11:17:23 | INFO     | q_learning | Run 2 | Episode  171 | Reward:  10.00 | Steps:   10 | Avg(10):  13.20 | Loss: 12.860505
2026-01-07 11:17:23 | INFO     | q_learning | Run 2 | Episode  172 | Reward:  12.00 | Steps:   12 | Avg(10):  13.40 | Loss: 9.279668
2026-01-07 11:17:23 | INFO     | q_learning | Run 2 | Episode  173 | Reward:  12.00 | Steps:   12 | Avg(10):  13.20 | Loss: 8.749174
2026-01-07 11:17:23 | INFO     | q_learning | Run 2 | Episode  174 | Reward:  11.00 | Steps:   11 | Avg(10):  10.40 | Loss: 7.715920
2026-01-07 11:17:23 | INFO     | q_learning | Run 2 | Episode  175 | Reward:  11.00 | Steps:   11 | Avg(10):  10.30 | Loss: 7.162128
2026-01-07 11:17:23 | INFO     | q_learning | Run 2 | Episode  176 | Reward:   9.00 | Steps:    9 | Avg(10):  10.30 | Loss: 7.419104
2026-01-07 11:17:23 | INFO     | q_learning | Run 2 | Episode  177 | Reward:   8.00 | Steps:    8 | Avg(10):  10.10 | Loss: 7.961455
2026-01-07 11:17:23 | INFO     | q_learning | Run 2 | Episode  178 | Reward:  11.00 | Steps:   11 | Avg(10):  10.10 | Loss: 4.507620
2026-01-07 11:17:23 | INFO     | q_learning | Run 2 | Episode  179 | Reward:  10.00 | Steps:   10 | Avg(10):  10.30 | Loss: 5.676852
2026-01-07 11:17:23 | INFO     | q_learning | Run 2 | Episode  180 | Reward:  10.00 | Steps:   10 | Avg(10):  10.40 | Loss: 3.707872
2026-01-07 11:17:23 | INFO     | q_learning | Run 2 | Episode  181 | Reward:  12.00 | Steps:   12 | Avg(10):  10.60 | Loss: 3.800440
2026-01-07 11:17:23 | INFO     | q_learning | Run 2 | Episode  182 | Reward:   9.00 | Steps:    9 | Avg(10):  10.30 | Loss: 3.738810
2026-01-07 11:17:23 | INFO     | q_learning | Run 2 | Episode  183 | Reward:   9.00 | Steps:    9 | Avg(10):  10.00 | Loss: 3.298885
2026-01-07 11:17:23 | INFO     | q_learning | Run 2 | Episode  184 | Reward:  12.00 | Steps:   12 | Avg(10):  10.10 | Loss: 2.061455
2026-01-07 11:17:23 | INFO     | q_learning | Run 2 | Episode  185 | Reward:  11.00 | Steps:   11 | Avg(10):  10.10 | Loss: 3.545545
2026-01-07 11:17:23 | INFO     | q_learning | Run 2 | Episode  186 | Reward:  10.00 | Steps:   10 | Avg(10):  10.20 | Loss: 2.702793
2026-01-07 11:17:23 | INFO     | q_learning | Run 2 | Episode  187 | Reward:  10.00 | Steps:   10 | Avg(10):  10.40 | Loss: 2.896931
2026-01-07 11:17:23 | INFO     | q_learning | Run 2 | Episode  188 | Reward:   9.00 | Steps:    9 | Avg(10):  10.20 | Loss: 1.819477
2026-01-07 11:17:23 | INFO     | q_learning | Run 2 | Episode  189 | Reward:  10.00 | Steps:   10 | Avg(10):  10.20 | Loss: 2.254450
2026-01-07 11:17:23 | INFO     | q_learning | Run 2 | Episode  190 | Reward:   9.00 | Steps:    9 | Avg(10):  10.10 | Loss: 1.421736
2026-01-07 11:17:23 | INFO     | q_learning | Run 2 | Episode  191 | Reward:  11.00 | Steps:   11 | Avg(10):  10.00 | Loss: 2.208952
2026-01-07 11:17:23 | INFO     | q_learning | Run 2 | Episode  192 | Reward:  11.00 | Steps:   11 | Avg(10):  10.20 | Loss: 2.469086
2026-01-07 11:17:23 | INFO     | q_learning | Run 2 | Episode  193 | Reward:  12.00 | Steps:   12 | Avg(10):  10.50 | Loss: 2.777840
2026-01-07 11:17:23 | INFO     | q_learning | Run 2 | Episode  194 | Reward:  11.00 | Steps:   11 | Avg(10):  10.40 | Loss: 3.681314
2026-01-07 11:17:23 | INFO     | q_learning | Run 2 | Episode  195 | Reward:  11.00 | Steps:   11 | Avg(10):  10.40 | Loss: 3.347547
2026-01-07 11:17:23 | INFO     | q_learning | Run 2 | Episode  196 | Reward:  12.00 | Steps:   12 | Avg(10):  10.60 | Loss: 3.852101
2026-01-07 11:17:23 | INFO     | q_learning | Run 2 | Episode  197 | Reward:  16.00 | Steps:   16 | Avg(10):  11.20 | Loss: 3.457849
2026-01-07 11:17:23 | INFO     | q_learning | Run 2 | Episode  198 | Reward:  14.00 | Steps:   14 | Avg(10):  11.70 | Loss: 4.610875
2026-01-07 11:17:23 | INFO     | q_learning | Run 2 | Episode  199 | Reward:  15.00 | Steps:   15 | Avg(10):  12.20 | Loss: 3.941330
2026-01-07 11:17:23 | INFO     | q_learning | Run 2 | Episode  200 | Reward:  20.00 | Steps:   20 | Avg(10):  13.30 | Loss: 4.746047
2026-01-07 11:17:23 | INFO     | q_learning | Run 2 | Episode  201 | Reward:  32.00 | Steps:   32 | Avg(10):  15.40 | Loss: 3.496918
2026-01-07 11:17:23 | INFO     | q_learning | Run 2 | Episode  202 | Reward:  42.00 | Steps:   42 | Avg(10):  18.50 | Loss: 3.167154
2026-01-07 11:17:23 | INFO     | q_learning | Run 2 | Episode  203 | Reward:  37.00 | Steps:   37 | Avg(10):  21.00 | Loss: 3.891335
2026-01-07 11:17:23 | INFO     | q_learning | Run 2 | Episode  204 | Reward:  28.00 | Steps:   28 | Avg(10):  22.70 | Loss: 5.013410
2026-01-07 11:17:23 | INFO     | q_learning | Run 2 | Episode  205 | Reward:  24.00 | Steps:   24 | Avg(10):  24.00 | Loss: 6.068729
2026-01-07 11:17:23 | INFO     | q_learning | Run 2 | Episode  206 | Reward:  27.00 | Steps:   27 | Avg(10):  25.50 | Loss: 4.331734
2026-01-07 11:17:23 | INFO     | q_learning | Run 2 | Episode  207 | Reward:  28.00 | Steps:   28 | Avg(10):  26.70 | Loss: 5.418842
2026-01-07 11:17:24 | INFO     | q_learning | Run 2 | Episode  208 | Reward:  27.00 | Steps:   27 | Avg(10):  28.00 | Loss: 6.123296
2026-01-07 11:17:24 | INFO     | q_learning | Run 2 | Episode  209 | Reward:  28.00 | Steps:   28 | Avg(10):  29.30 | Loss: 6.144212
2026-01-07 11:17:24 | INFO     | q_learning | Run 2 | Episode  210 | Reward:  18.00 | Steps:   18 | Avg(10):  29.10 | Loss: 9.059627
2026-01-07 11:17:24 | INFO     | q_learning | Run 2 | Episode  211 | Reward:  20.00 | Steps:   20 | Avg(10):  27.90 | Loss: 8.221507
2026-01-07 11:17:24 | INFO     | q_learning | Run 2 | Episode  212 | Reward:  23.00 | Steps:   23 | Avg(10):  26.00 | Loss: 7.077737
2026-01-07 11:17:24 | INFO     | q_learning | Run 2 | Episode  213 | Reward:  11.00 | Steps:   11 | Avg(10):  23.40 | Loss: 14.212864
2026-01-07 11:17:24 | INFO     | q_learning | Run 2 | Episode  214 | Reward:  24.00 | Steps:   24 | Avg(10):  23.00 | Loss: 7.307157
2026-01-07 11:17:24 | INFO     | q_learning | Run 2 | Episode  215 | Reward:  22.00 | Steps:   22 | Avg(10):  22.80 | Loss: 7.723470
2026-01-07 11:17:24 | INFO     | q_learning | Run 2 | Episode  216 | Reward:  15.00 | Steps:   15 | Avg(10):  21.60 | Loss: 10.503828
2026-01-07 11:17:24 | INFO     | q_learning | Run 2 | Episode  217 | Reward:  13.00 | Steps:   13 | Avg(10):  20.10 | Loss: 11.810717
2026-01-07 11:17:24 | INFO     | q_learning | Run 2 | Episode  218 | Reward:  14.00 | Steps:   14 | Avg(10):  18.80 | Loss: 9.752242
2026-01-07 11:17:24 | INFO     | q_learning | Run 2 | Episode  219 | Reward:  10.00 | Steps:   10 | Avg(10):  17.00 | Loss: 13.102180
2026-01-07 11:17:24 | INFO     | q_learning | Run 2 | Episode  220 | Reward:  12.00 | Steps:   12 | Avg(10):  16.40 | Loss: 8.610352
2026-01-07 11:17:24 | INFO     | q_learning | Run 2 | Episode  221 | Reward:  16.00 | Steps:   16 | Avg(10):  16.00 | Loss: 7.459539
2026-01-07 11:17:24 | INFO     | q_learning | Run 2 | Episode  222 | Reward:  11.00 | Steps:   11 | Avg(10):  14.80 | Loss: 9.272718
2026-01-07 11:17:24 | INFO     | q_learning | Run 2 | Episode  223 | Reward:  10.00 | Steps:   10 | Avg(10):  14.70 | Loss: 8.040561
2026-01-07 11:17:24 | INFO     | q_learning | Run 2 | Episode  224 | Reward:   9.00 | Steps:    9 | Avg(10):  13.20 | Loss: 9.877656
2026-01-07 11:17:24 | INFO     | q_learning | Run 2 | Episode  225 | Reward:  16.00 | Steps:   16 | Avg(10):  12.60 | Loss: 5.188168
2026-01-07 11:17:24 | INFO     | q_learning | Run 2 | Episode  226 | Reward:  11.00 | Steps:   11 | Avg(10):  12.20 | Loss: 6.798555
2026-01-07 11:17:24 | INFO     | q_learning | Run 2 | Episode  227 | Reward:  10.00 | Steps:   10 | Avg(10):  11.90 | Loss: 9.167723
2026-01-07 11:17:24 | INFO     | q_learning | Run 2 | Episode  228 | Reward:  13.00 | Steps:   13 | Avg(10):  11.80 | Loss: 7.872813
2026-01-07 11:17:24 | INFO     | q_learning | Run 2 | Episode  229 | Reward:  16.00 | Steps:   16 | Avg(10):  12.40 | Loss: 7.384258
2026-01-07 11:17:24 | INFO     | q_learning | Run 2 | Episode  230 | Reward:  19.00 | Steps:   19 | Avg(10):  13.10 | Loss: 7.039084
2026-01-07 11:17:24 | INFO     | q_learning | Run 2 | Episode  231 | Reward:  29.00 | Steps:   29 | Avg(10):  14.40 | Loss: 5.122470
2026-01-07 11:17:24 | INFO     | q_learning | Run 2 | Episode  232 | Reward:  21.00 | Steps:   21 | Avg(10):  15.40 | Loss: 6.927548
2026-01-07 11:17:24 | INFO     | q_learning | Run 2 | Episode  233 | Reward:  25.00 | Steps:   25 | Avg(10):  16.90 | Loss: 5.877984
2026-01-07 11:17:24 | INFO     | q_learning | Run 2 | Episode  234 | Reward:  21.00 | Steps:   21 | Avg(10):  18.10 | Loss: 7.018607
2026-01-07 11:17:24 | INFO     | q_learning | Run 2 | Episode  235 | Reward:  26.00 | Steps:   26 | Avg(10):  19.10 | Loss: 6.508195
2026-01-07 11:17:24 | INFO     | q_learning | Run 2 | Episode  236 | Reward:  35.00 | Steps:   35 | Avg(10):  21.50 | Loss: 5.049071
2026-01-07 11:17:24 | INFO     | q_learning | Run 2 | Episode  237 | Reward:  26.00 | Steps:   26 | Avg(10):  23.10 | Loss: 7.450442
2026-01-07 11:17:24 | INFO     | q_learning | Run 2 | Episode  238 | Reward:  49.00 | Steps:   49 | Avg(10):  26.70 | Loss: 4.699610
2026-01-07 11:17:24 | INFO     | q_learning | Run 2 | Episode  239 | Reward:  25.00 | Steps:   25 | Avg(10):  27.60 | Loss: 8.408548
2026-01-07 11:17:24 | INFO     | q_learning | Run 2 | Episode  240 | Reward:  29.00 | Steps:   29 | Avg(10):  28.60 | Loss: 7.297446
2026-01-07 11:17:24 | INFO     | q_learning | Run 2 | Episode  241 | Reward:  19.00 | Steps:   19 | Avg(10):  27.60 | Loss: 11.547959
2026-01-07 11:17:24 | INFO     | q_learning | Run 2 | Episode  242 | Reward:  27.00 | Steps:   27 | Avg(10):  28.20 | Loss: 8.300640
2026-01-07 11:17:24 | INFO     | q_learning | Run 2 | Episode  243 | Reward:  34.00 | Steps:   34 | Avg(10):  29.10 | Loss: 7.132813
2026-01-07 11:17:24 | INFO     | q_learning | Run 2 | Episode  244 | Reward:  27.00 | Steps:   27 | Avg(10):  29.70 | Loss: 8.793572
2026-01-07 11:17:24 | INFO     | q_learning | Run 2 | Episode  245 | Reward:  19.00 | Steps:   19 | Avg(10):  29.00 | Loss: 12.492529
2026-01-07 11:17:24 | INFO     | q_learning | Run 2 | Episode  246 | Reward:  24.00 | Steps:   24 | Avg(10):  27.90 | Loss: 9.639122
2026-01-07 11:17:24 | INFO     | q_learning | Run 2 | Episode  247 | Reward:  14.00 | Steps:   14 | Avg(10):  26.70 | Loss: 15.804393
2026-01-07 11:17:24 | INFO     | q_learning | Run 2 | Episode  248 | Reward:  13.00 | Steps:   13 | Avg(10):  23.10 | Loss: 15.828914
2026-01-07 11:17:24 | INFO     | q_learning | Run 2 | Episode  249 | Reward:  16.00 | Steps:   16 | Avg(10):  22.20 | Loss: 13.244121
2026-01-07 11:17:24 | INFO     | q_learning | Run 2 | Episode  250 | Reward:  18.00 | Steps:   18 | Avg(10):  21.10 | Loss: 11.472321
2026-01-07 11:17:24 | INFO     | q_learning | Run 2 | Episode  251 | Reward:  18.00 | Steps:   18 | Avg(10):  21.00 | Loss: 11.068213
2026-01-07 11:17:24 | INFO     | q_learning | Run 2 | Episode  252 | Reward:  17.00 | Steps:   17 | Avg(10):  20.00 | Loss: 10.881776
2026-01-07 11:17:24 | INFO     | q_learning | Run 2 | Episode  253 | Reward:  15.00 | Steps:   15 | Avg(10):  18.10 | Loss: 12.094871
2026-01-07 11:17:24 | INFO     | q_learning | Run 2 | Episode  254 | Reward:  10.00 | Steps:   10 | Avg(10):  16.40 | Loss: 16.217334
2026-01-07 11:17:24 | INFO     | q_learning | Run 2 | Episode  255 | Reward:  16.00 | Steps:   16 | Avg(10):  16.10 | Loss: 9.999050
2026-01-07 11:17:24 | INFO     | q_learning | Run 2 | Episode  256 | Reward:  14.00 | Steps:   14 | Avg(10):  15.10 | Loss: 11.974281
2026-01-07 11:17:24 | INFO     | q_learning | Run 2 | Episode  257 | Reward:  13.00 | Steps:   13 | Avg(10):  15.00 | Loss: 12.227219
2026-01-07 11:17:24 | INFO     | q_learning | Run 2 | Episode  258 | Reward:  13.00 | Steps:   13 | Avg(10):  15.00 | Loss: 11.337055
2026-01-07 11:17:25 | INFO     | q_learning | Run 2 | Episode  259 | Reward:  13.00 | Steps:   13 | Avg(10):  14.70 | Loss: 11.261430
2026-01-07 11:17:25 | INFO     | q_learning | Run 2 | Episode  260 | Reward:  16.00 | Steps:   16 | Avg(10):  14.50 | Loss: 9.729540
2026-01-07 11:17:25 | INFO     | q_learning | Run 2 | Episode  261 | Reward:  17.00 | Steps:   17 | Avg(10):  14.40 | Loss: 9.806621
2026-01-07 11:17:25 | INFO     | q_learning | Run 2 | Episode  262 | Reward:  27.00 | Steps:   27 | Avg(10):  15.40 | Loss: 6.576983
2026-01-07 11:17:25 | INFO     | q_learning | Run 2 | Episode  263 | Reward:  23.00 | Steps:   23 | Avg(10):  16.20 | Loss: 7.674099
2026-01-07 11:17:25 | INFO     | q_learning | Run 2 | Episode  264 | Reward:  24.00 | Steps:   24 | Avg(10):  17.60 | Loss: 7.858046
2026-01-07 11:17:25 | INFO     | q_learning | Run 2 | Episode  265 | Reward:  33.00 | Steps:   33 | Avg(10):  19.30 | Loss: 6.054233
2026-01-07 11:17:25 | INFO     | q_learning | Run 2 | Episode  266 | Reward:  25.00 | Steps:   25 | Avg(10):  20.40 | Loss: 8.427824
2026-01-07 11:17:25 | INFO     | q_learning | Run 2 | Episode  267 | Reward:  39.00 | Steps:   39 | Avg(10):  23.00 | Loss: 5.547310
2026-01-07 11:17:25 | INFO     | q_learning | Run 2 | Episode  268 | Reward:  32.00 | Steps:   32 | Avg(10):  24.90 | Loss: 6.924434
2026-01-07 11:17:25 | INFO     | q_learning | Run 2 | Episode  269 | Reward:  31.00 | Steps:   31 | Avg(10):  26.70 | Loss: 7.328366
2026-01-07 11:17:25 | INFO     | q_learning | Run 2 | Episode  270 | Reward:  25.00 | Steps:   25 | Avg(10):  27.60 | Loss: 8.742164
2026-01-07 11:17:25 | INFO     | q_learning | Run 2 | Episode  271 | Reward:  17.00 | Steps:   17 | Avg(10):  27.60 | Loss: 11.065452
2026-01-07 11:17:25 | INFO     | q_learning | Run 2 | Episode  272 | Reward:  16.00 | Steps:   16 | Avg(10):  26.50 | Loss: 12.762951
2026-01-07 11:17:25 | INFO     | q_learning | Run 2 | Episode  273 | Reward:  13.00 | Steps:   13 | Avg(10):  25.50 | Loss: 15.042189
2026-01-07 11:17:25 | INFO     | q_learning | Run 2 | Episode  274 | Reward:  13.00 | Steps:   13 | Avg(10):  24.40 | Loss: 13.386467
2026-01-07 11:17:25 | INFO     | q_learning | Run 2 | Episode  275 | Reward:  14.00 | Steps:   14 | Avg(10):  22.50 | Loss: 11.697271
2026-01-07 11:17:25 | INFO     | q_learning | Run 2 | Episode  276 | Reward:  13.00 | Steps:   13 | Avg(10):  21.30 | Loss: 9.499491
2026-01-07 11:17:25 | INFO     | q_learning | Run 2 | Episode  277 | Reward:  10.00 | Steps:   10 | Avg(10):  18.40 | Loss: 13.331561
2026-01-07 11:17:25 | INFO     | q_learning | Run 2 | Episode  278 | Reward:  19.00 | Steps:   19 | Avg(10):  17.10 | Loss: 9.172429
2026-01-07 11:17:25 | INFO     | q_learning | Run 2 | Episode  279 | Reward:  21.00 | Steps:   21 | Avg(10):  16.10 | Loss: 9.344773
2026-01-07 11:17:25 | INFO     | q_learning | Run 2 | Episode  280 | Reward:  31.00 | Steps:   31 | Avg(10):  16.70 | Loss: 6.529085
2026-01-07 11:17:25 | INFO     | q_learning | Run 2 | Episode  281 | Reward:  35.00 | Steps:   35 | Avg(10):  18.50 | Loss: 6.063968
2026-01-07 11:17:25 | INFO     | q_learning | Run 2 | Episode  282 | Reward:  36.00 | Steps:   36 | Avg(10):  20.50 | Loss: 6.071664
2026-01-07 11:17:25 | INFO     | q_learning | Run 2 | Episode  283 | Reward:  27.00 | Steps:   27 | Avg(10):  21.90 | Loss: 7.950733
2026-01-07 11:17:25 | INFO     | q_learning | Run 2 | Episode  284 | Reward:  35.00 | Steps:   35 | Avg(10):  24.10 | Loss: 6.188456
2026-01-07 11:17:25 | INFO     | q_learning | Run 2 | Episode  285 | Reward:  27.00 | Steps:   27 | Avg(10):  25.40 | Loss: 7.869030
2026-01-07 11:17:25 | INFO     | q_learning | Run 2 | Episode  286 | Reward:  21.00 | Steps:   21 | Avg(10):  26.20 | Loss: 10.377662
2026-01-07 11:17:25 | INFO     | q_learning | Run 2 | Episode  287 | Reward:  18.00 | Steps:   18 | Avg(10):  27.00 | Loss: 10.764436
2026-01-07 11:17:25 | INFO     | q_learning | Run 2 | Episode  288 | Reward:  22.00 | Steps:   22 | Avg(10):  27.30 | Loss: 10.482335
2026-01-07 11:17:25 | INFO     | q_learning | Run 2 | Episode  289 | Reward:  32.00 | Steps:   32 | Avg(10):  28.40 | Loss: 7.056916
2026-01-07 11:17:25 | INFO     | q_learning | Run 2 | Episode  290 | Reward:  30.00 | Steps:   30 | Avg(10):  28.30 | Loss: 7.577819
2026-01-07 11:17:25 | INFO     | q_learning | Run 2 | Episode  291 | Reward:  31.00 | Steps:   31 | Avg(10):  27.90 | Loss: 7.570205
2026-01-07 11:17:25 | INFO     | q_learning | Run 2 | Episode  292 | Reward:  27.00 | Steps:   27 | Avg(10):  27.00 | Loss: 8.885206
2026-01-07 11:17:25 | INFO     | q_learning | Run 2 | Episode  293 | Reward:  21.00 | Steps:   21 | Avg(10):  26.40 | Loss: 10.244196
2026-01-07 11:17:25 | INFO     | q_learning | Run 2 | Episode  294 | Reward:  18.00 | Steps:   18 | Avg(10):  24.70 | Loss: 12.636927
2026-01-07 11:17:25 | INFO     | q_learning | Run 2 | Episode  295 | Reward:  17.00 | Steps:   17 | Avg(10):  23.70 | Loss: 11.838731
2026-01-07 11:17:25 | INFO     | q_learning | Run 2 | Episode  296 | Reward:  15.00 | Steps:   15 | Avg(10):  23.10 | Loss: 12.093612
2026-01-07 11:17:25 | INFO     | q_learning | Run 2 | Episode  297 | Reward:  14.00 | Steps:   14 | Avg(10):  22.70 | Loss: 14.674524
2026-01-07 11:17:25 | INFO     | q_learning | Run 2 | Episode  298 | Reward:  27.00 | Steps:   27 | Avg(10):  23.20 | Loss: 8.114143
2026-01-07 11:17:25 | INFO     | q_learning | Run 2 | Episode  299 | Reward:  35.00 | Steps:   35 | Avg(10):  23.50 | Loss: 6.094702
